Command line invocation:
    /Applications/Xcode.app/Contents/Developer/usr/bin/xcodebuild -project WWFChallenge7.xcodeproj -scheme WWFChallenge7 -destination "generic/platform=iOS Simulator" build

2026-05-17 17:48:53.820 xcodebuild[79052:2428157] [MT] IDERunDestination: Supported platforms for the buildables in the current scheme is empty.
ComputePackagePrebuildTargetDependencyGraph

Prepare packages

CreateBuildRequest

SendProjectDescription

CreateBuildOperation

ComputeTargetDependencyGraph
note: Building targets in dependency order
note: Target dependency graph (1 target)
    Target 'WWFChallenge7' in project 'WWFChallenge7' (no dependencies)

GatherProvisioningInputs

CreateBuildDescription

ExecuteExternalTool /Applications/Xcode.app/Contents/Developer/Toolchains/XcodeDefault.xctoolchain/usr/bin/clang -v -E -dM -isysroot /Applications/Xcode.app/Contents/Developer/Platforms/iPhoneSimulator.platform/Developer/SDKs/iPhoneSimulator26.0.sdk -x c -c /dev/null

ExecuteExternalTool /Applications/Xcode.app/Contents/Developer/usr/bin/actool --print-asset-tag-combinations --output-format xml1 /Users/lucapagano/Desktop/WWFUserAndManaging/AppUserWWF/WWFChallenge7/Assets.xcassets

ExecuteExternalTool /Applications/Xcode.app/Contents/Developer/usr/bin/actool --version --output-format xml1

ExecuteExternalTool /Applications/Xcode.app/Contents/Developer/Toolchains/XcodeDefault.xctoolchain/usr/bin/swiftc --version

ExecuteExternalTool /Applications/Xcode.app/Contents/Developer/Toolchains/XcodeDefault.xctoolchain/usr/bin/ld -version_details

Build description signature: ecc7b7b6ae3433a120f1f01c778eb67c
Build description path: /Users/lucapagano/Library/Developer/Xcode/DerivedData/WWFChallenge7-cfydqwbbzpiusnddzyowdqjkiwqg/Build/Intermediates.noindex/XCBuildData/ecc7b7b6ae3433a120f1f01c778eb67c.xcbuilddata
ClangStatCache /Applications/Xcode.app/Contents/Developer/Toolchains/XcodeDefault.xctoolchain/usr/bin/clang-stat-cache /Applications/Xcode.app/Contents/Developer/Platforms/iPhoneSimulator.platform/Developer/SDKs/iPhoneSimulator26.0.sdk /Users/lucapagano/Library/Developer/Xcode/DerivedData/SDKStatCaches.noindex/iphonesimulator26.0-23A339-26257891a6c027eb51374368541b8346.sdkstatcache
    cd /Users/lucapagano/Desktop/WWFUserAndManaging/AppUserWWF/WWFChallenge7.xcodeproj
    /Applications/Xcode.app/Contents/Developer/Toolchains/XcodeDefault.xctoolchain/usr/bin/clang-stat-cache /Applications/Xcode.app/Contents/Developer/Platforms/iPhoneSimulator.platform/Developer/SDKs/iPhoneSimulator26.0.sdk -o /Users/lucapagano/Library/Developer/Xcode/DerivedData/SDKStatCaches.noindex/iphonesimulator26.0-23A339-26257891a6c027eb51374368541b8346.sdkstatcache

GenerateAssetSymbols /Users/lucapagano/Desktop/WWFUserAndManaging/AppUserWWF/WWFChallenge7/Assets.xcassets (in target 'WWFChallenge7' from project 'WWFChallenge7')
    cd /Users/lucapagano/Desktop/WWFUserAndManaging/AppUserWWF
    /Applications/Xcode.app/Contents/Developer/usr/bin/actool /Users/lucapagano/Desktop/WWFUserAndManaging/AppUserWWF/WWFChallenge7/Assets.xcassets --compile /Users/lucapagano/Library/Developer/Xcode/DerivedData/WWFChallenge7-cfydqwbbzpiusnddzyowdqjkiwqg/Build/Products/Debug-iphonesimulator/WWFChallenge7.app --output-format human-readable-text --notices --warnings --export-dependency-info /Users/lucapagano/Library/Developer/Xcode/DerivedData/WWFChallenge7-cfydqwbbzpiusnddzyowdqjkiwqg/Build/Intermediates.noindex/WWFChallenge7.build/Debug-iphonesimulator/WWFChallenge7.build/assetcatalog_dependencies --output-partial-info-plist /Users/lucapagano/Library/Developer/Xcode/DerivedData/WWFChallenge7-cfydqwbbzpiusnddzyowdqjkiwqg/Build/Intermediates.noindex/WWFChallenge7.build/Debug-iphonesimulator/WWFChallenge7.build/assetcatalog_generated_info.plist --app-icon AppIcon --accent-color AccentColor --compress-pngs --enable-on-demand-resources YES --development-region en --target-device iphone --target-device ipad --minimum-deployment-target 26.0 --platform iphonesimulator --bundle-identifier com.lucapagano.WWFChallenge7 --generate-swift-asset-symbols /Users/lucapagano/Library/Developer/Xcode/DerivedData/WWFChallenge7-cfydqwbbzpiusnddzyowdqjkiwqg/Build/Intermediates.noindex/WWFChallenge7.build/Debug-iphonesimulator/WWFChallenge7.build/DerivedSources/GeneratedAssetSymbols.swift --generate-objc-asset-symbols /Users/lucapagano/Library/Developer/Xcode/DerivedData/WWFChallenge7-cfydqwbbzpiusnddzyowdqjkiwqg/Build/Intermediates.noindex/WWFChallenge7.build/Debug-iphonesimulator/WWFChallenge7.build/DerivedSources/GeneratedAssetSymbols.h --generate-asset-symbol-index /Users/lucapagano/Library/Developer/Xcode/DerivedData/WWFChallenge7-cfydqwbbzpiusnddzyowdqjkiwqg/Build/Intermediates.noindex/WWFChallenge7.build/Debug-iphonesimulator/WWFChallenge7.build/DerivedSources/GeneratedAssetSymbols-Index.plist
/* com.apple.actool.compilation-results */
/Users/lucapagano/Library/Developer/Xcode/DerivedData/WWFChallenge7-cfydqwbbzpiusnddzyowdqjkiwqg/Build/Intermediates.noindex/WWFChallenge7.build/Debug-iphonesimulator/WWFChallenge7.build/DerivedSources/GeneratedAssetSymbols-Index.plist
/Users/lucapagano/Library/Developer/Xcode/DerivedData/WWFChallenge7-cfydqwbbzpiusnddzyowdqjkiwqg/Build/Intermediates.noindex/WWFChallenge7.build/Debug-iphonesimulator/WWFChallenge7.build/DerivedSources/GeneratedAssetSymbols.h
/Users/lucapagano/Library/Developer/Xcode/DerivedData/WWFChallenge7-cfydqwbbzpiusnddzyowdqjkiwqg/Build/Intermediates.noindex/WWFChallenge7.build/Debug-iphonesimulator/WWFChallenge7.build/DerivedSources/GeneratedAssetSymbols.swift


LinkAssetCatalog /Users/lucapagano/Desktop/WWFUserAndManaging/AppUserWWF/WWFChallenge7/Assets.xcassets (in target 'WWFChallenge7' from project 'WWFChallenge7')
    cd /Users/lucapagano/Desktop/WWFUserAndManaging/AppUserWWF
    builtin-linkAssetCatalog --thinned /Users/lucapagano/Library/Developer/Xcode/DerivedData/WWFChallenge7-cfydqwbbzpiusnddzyowdqjkiwqg/Build/Intermediates.noindex/WWFChallenge7.build/Debug-iphonesimulator/WWFChallenge7.build/assetcatalog_output/thinned --thinned-dependencies /Users/lucapagano/Library/Developer/Xcode/DerivedData/WWFChallenge7-cfydqwbbzpiusnddzyowdqjkiwqg/Build/Intermediates.noindex/WWFChallenge7.build/Debug-iphonesimulator/WWFChallenge7.build/assetcatalog_dependencies_thinned --thinned-info-plist-content /Users/lucapagano/Library/Developer/Xcode/DerivedData/WWFChallenge7-cfydqwbbzpiusnddzyowdqjkiwqg/Build/Intermediates.noindex/WWFChallenge7.build/Debug-iphonesimulator/WWFChallenge7.build/assetcatalog_generated_info.plist_thinned --unthinned /Users/lucapagano/Library/Developer/Xcode/DerivedData/WWFChallenge7-cfydqwbbzpiusnddzyowdqjkiwqg/Build/Intermediates.noindex/WWFChallenge7.build/Debug-iphonesimulator/WWFChallenge7.build/assetcatalog_output/unthinned --unthinned-dependencies /Users/lucapagano/Library/Developer/Xcode/DerivedData/WWFChallenge7-cfydqwbbzpiusnddzyowdqjkiwqg/Build/Intermediates.noindex/WWFChallenge7.build/Debug-iphonesimulator/WWFChallenge7.build/assetcatalog_dependencies_unthinned --unthinned-info-plist-content /Users/lucapagano/Library/Developer/Xcode/DerivedData/WWFChallenge7-cfydqwbbzpiusnddzyowdqjkiwqg/Build/Intermediates.noindex/WWFChallenge7.build/Debug-iphonesimulator/WWFChallenge7.build/assetcatalog_generated_info.plist_unthinned --output /Users/lucapagano/Library/Developer/Xcode/DerivedData/WWFChallenge7-cfydqwbbzpiusnddzyowdqjkiwqg/Build/Products/Debug-iphonesimulator/WWFChallenge7.app --plist-output /Users/lucapagano/Library/Developer/Xcode/DerivedData/WWFChallenge7-cfydqwbbzpiusnddzyowdqjkiwqg/Build/Intermediates.noindex/WWFChallenge7.build/Debug-iphonesimulator/WWFChallenge7.build/assetcatalog_generated_info.plist
note: Emplaced /Users/lucapagano/Library/Developer/Xcode/DerivedData/WWFChallenge7-cfydqwbbzpiusnddzyowdqjkiwqg/Build/Products/Debug-iphonesimulator/WWFChallenge7.app/Assets.car (in target 'WWFChallenge7' from project 'WWFChallenge7')

ProcessInfoPlistFile /Users/lucapagano/Library/Developer/Xcode/DerivedData/WWFChallenge7-cfydqwbbzpiusnddzyowdqjkiwqg/Build/Products/Debug-iphonesimulator/WWFChallenge7.app/Info.plist /Users/lucapagano/Desktop/WWFUserAndManaging/AppUserWWF/WWFChallenge7/Info.plist (in target 'WWFChallenge7' from project 'WWFChallenge7')
    cd /Users/lucapagano/Desktop/WWFUserAndManaging/AppUserWWF
    builtin-infoPlistUtility /Users/lucapagano/Desktop/WWFUserAndManaging/AppUserWWF/WWFChallenge7/Info.plist -producttype com.apple.product-type.application -genpkginfo /Users/lucapagano/Library/Developer/Xcode/DerivedData/WWFChallenge7-cfydqwbbzpiusnddzyowdqjkiwqg/Build/Products/Debug-iphonesimulator/WWFChallenge7.app/PkgInfo -expandbuildsettings -format binary -platform iphonesimulator -additionalcontentfile /Users/lucapagano/Library/Developer/Xcode/DerivedData/WWFChallenge7-cfydqwbbzpiusnddzyowdqjkiwqg/Build/Intermediates.noindex/WWFChallenge7.build/Debug-iphonesimulator/WWFChallenge7.build/assetcatalog_generated_info.plist -o /Users/lucapagano/Library/Developer/Xcode/DerivedData/WWFChallenge7-cfydqwbbzpiusnddzyowdqjkiwqg/Build/Products/Debug-iphonesimulator/WWFChallenge7.app/Info.plist

SwiftDriver WWFChallenge7 normal arm64 com.apple.xcode.tools.swift.compiler (in target 'WWFChallenge7' from project 'WWFChallenge7')
    cd /Users/lucapagano/Desktop/WWFUserAndManaging/AppUserWWF
    builtin-SwiftDriver -- /Applications/Xcode.app/Contents/Developer/Toolchains/XcodeDefault.xctoolchain/usr/bin/swiftc -module-name WWFChallenge7 -Onone -enforce-exclusivity\=checked @/Users/lucapagano/Library/Developer/Xcode/DerivedData/WWFChallenge7-cfydqwbbzpiusnddzyowdqjkiwqg/Build/Intermediates.noindex/WWFChallenge7.build/Debug-iphonesimulator/WWFChallenge7.build/Objects-normal/arm64/WWFChallenge7.SwiftFileList -DDEBUG -default-isolation\=MainActor -enable-bare-slash-regex -enable-upcoming-feature DisableOutwardActorInference -enable-upcoming-feature InferSendableFromCaptures -enable-upcoming-feature GlobalActorIsolatedTypesUsability -enable-upcoming-feature MemberImportVisibility -enable-upcoming-feature InferIsolatedConformances -enable-upcoming-feature NonisolatedNonsendingByDefault -enable-experimental-feature DebugDescriptionMacro -sdk /Applications/Xcode.app/Contents/Developer/Platforms/iPhoneSimulator.platform/Developer/SDKs/iPhoneSimulator26.0.sdk -target arm64-apple-ios26.0-simulator -g -module-cache-path /Users/lucapagano/Library/Developer/Xcode/DerivedData/ModuleCache.noindex -Xfrontend -serialize-debugging-options -enable-testing -index-store-path /Users/lucapagano/Library/Developer/Xcode/DerivedData/WWFChallenge7-cfydqwbbzpiusnddzyowdqjkiwqg/Index.noindex/DataStore -Xcc -D_LIBCPP_HARDENING_MODE\=_LIBCPP_HARDENING_MODE_DEBUG -swift-version 5 -I /Users/lucapagano/Library/Developer/Xcode/DerivedData/WWFChallenge7-cfydqwbbzpiusnddzyowdqjkiwqg/Build/Products/Debug-iphonesimulator -F /Users/lucapagano/Library/Developer/Xcode/DerivedData/WWFChallenge7-cfydqwbbzpiusnddzyowdqjkiwqg/Build/Products/Debug-iphonesimulator -emit-localized-strings -emit-localized-strings-path /Users/lucapagano/Library/Developer/Xcode/DerivedData/WWFChallenge7-cfydqwbbzpiusnddzyowdqjkiwqg/Build/Intermediates.noindex/WWFChallenge7.build/Debug-iphonesimulator/WWFChallenge7.build/Objects-normal/arm64 -c -j10 -enable-batch-mode -incremental -Xcc -ivfsstatcache -Xcc /Users/lucapagano/Library/Developer/Xcode/DerivedData/SDKStatCaches.noindex/iphonesimulator26.0-23A339-26257891a6c027eb51374368541b8346.sdkstatcache -output-file-map /Users/lucapagano/Library/Developer/Xcode/DerivedData/WWFChallenge7-cfydqwbbzpiusnddzyowdqjkiwqg/Build/Intermediates.noindex/WWFChallenge7.build/Debug-iphonesimulator/WWFChallenge7.build/Objects-normal/arm64/WWFChallenge7-OutputFileMap.json -use-frontend-parseable-output -save-temps -no-color-diagnostics -explicit-module-build -module-cache-path /Users/lucapagano/Library/Developer/Xcode/DerivedData/WWFChallenge7-cfydqwbbzpiusnddzyowdqjkiwqg/Build/Intermediates.noindex/SwiftExplicitPrecompiledModules -clang-scanner-module-cache-path /Users/lucapagano/Library/Developer/Xcode/DerivedData/ModuleCache.noindex -sdk-module-cache-path /Users/lucapagano/Library/Developer/Xcode/DerivedData/ModuleCache.noindex -serialize-diagnostics -emit-dependencies -emit-module -emit-module-path /Users/lucapagano/Library/Developer/Xcode/DerivedData/WWFChallenge7-cfydqwbbzpiusnddzyowdqjkiwqg/Build/Intermediates.noindex/WWFChallenge7.build/Debug-iphonesimulator/WWFChallenge7.build/Objects-normal/arm64/WWFChallenge7.swiftmodule -validate-clang-modules-once -clang-build-session-file /Users/lucapagano/Library/Developer/Xcode/DerivedData/ModuleCache.noindex/Session.modulevalidation -Xcc -I/Users/lucapagano/Library/Developer/Xcode/DerivedData/WWFChallenge7-cfydqwbbzpiusnddzyowdqjkiwqg/Build/Intermediates.noindex/WWFChallenge7.build/Debug-iphonesimulator/WWFChallenge7.build/swift-overrides.hmap -emit-const-values -Xfrontend -const-gather-protocols-file -Xfrontend /Users/lucapagano/Library/Developer/Xcode/DerivedData/WWFChallenge7-cfydqwbbzpiusnddzyowdqjkiwqg/Build/Intermediates.noindex/WWFChallenge7.build/Debug-iphonesimulator/WWFChallenge7.build/Objects-normal/arm64/WWFChallenge7_const_extract_protocols.json -Xcc -iquote -Xcc /Users/lucapagano/Library/Developer/Xcode/DerivedData/WWFChallenge7-cfydqwbbzpiusnddzyowdqjkiwqg/Build/Intermediates.noindex/WWFChallenge7.build/Debug-iphonesimulator/WWFChallenge7.build/WWFChallenge7-generated-files.hmap -Xcc -I/Users/lucapagano/Library/Developer/Xcode/DerivedData/WWFChallenge7-cfydqwbbzpiusnddzyowdqjkiwqg/Build/Intermediates.noindex/WWFChallenge7.build/Debug-iphonesimulator/WWFChallenge7.build/WWFChallenge7-own-target-headers.hmap -Xcc -I/Users/lucapagano/Library/Developer/Xcode/DerivedData/WWFChallenge7-cfydqwbbzpiusnddzyowdqjkiwqg/Build/Intermediates.noindex/WWFChallenge7.build/Debug-iphonesimulator/WWFChallenge7.build/WWFChallenge7-all-target-headers.hmap -Xcc -iquote -Xcc /Users/lucapagano/Library/Developer/Xcode/DerivedData/WWFChallenge7-cfydqwbbzpiusnddzyowdqjkiwqg/Build/Intermediates.noindex/WWFChallenge7.build/Debug-iphonesimulator/WWFChallenge7.build/WWFChallenge7-project-headers.hmap -Xcc -I/Users/lucapagano/Library/Developer/Xcode/DerivedData/WWFChallenge7-cfydqwbbzpiusnddzyowdqjkiwqg/Build/Products/Debug-iphonesimulator/include -Xcc -I/Users/lucapagano/Library/Developer/Xcode/DerivedData/WWFChallenge7-cfydqwbbzpiusnddzyowdqjkiwqg/Build/Intermediates.noindex/WWFChallenge7.build/Debug-iphonesimulator/WWFChallenge7.build/DerivedSources-normal/arm64 -Xcc -I/Users/lucapagano/Library/Developer/Xcode/DerivedData/WWFChallenge7-cfydqwbbzpiusnddzyowdqjkiwqg/Build/Intermediates.noindex/WWFChallenge7.build/Debug-iphonesimulator/WWFChallenge7.build/DerivedSources/arm64 -Xcc -I/Users/lucapagano/Library/Developer/Xcode/DerivedData/WWFChallenge7-cfydqwbbzpiusnddzyowdqjkiwqg/Build/Intermediates.noindex/WWFChallenge7.build/Debug-iphonesimulator/WWFChallenge7.build/DerivedSources -Xcc -DDEBUG\=1 -emit-objc-header -emit-objc-header-path /Users/lucapagano/Library/Developer/Xcode/DerivedData/WWFChallenge7-cfydqwbbzpiusnddzyowdqjkiwqg/Build/Intermediates.noindex/WWFChallenge7.build/Debug-iphonesimulator/WWFChallenge7.build/Objects-normal/arm64/WWFChallenge7-Swift.h -working-directory /Users/lucapagano/Desktop/WWFUserAndManaging/AppUserWWF -experimental-emit-module-separately -disable-cmo

SwiftDriver WWFChallenge7 normal x86_64 com.apple.xcode.tools.swift.compiler (in target 'WWFChallenge7' from project 'WWFChallenge7')
    cd /Users/lucapagano/Desktop/WWFUserAndManaging/AppUserWWF
    builtin-SwiftDriver -- /Applications/Xcode.app/Contents/Developer/Toolchains/XcodeDefault.xctoolchain/usr/bin/swiftc -module-name WWFChallenge7 -Onone -enforce-exclusivity\=checked @/Users/lucapagano/Library/Developer/Xcode/DerivedData/WWFChallenge7-cfydqwbbzpiusnddzyowdqjkiwqg/Build/Intermediates.noindex/WWFChallenge7.build/Debug-iphonesimulator/WWFChallenge7.build/Objects-normal/x86_64/WWFChallenge7.SwiftFileList -DDEBUG -default-isolation\=MainActor -enable-bare-slash-regex -enable-upcoming-feature DisableOutwardActorInference -enable-upcoming-feature InferSendableFromCaptures -enable-upcoming-feature GlobalActorIsolatedTypesUsability -enable-upcoming-feature MemberImportVisibility -enable-upcoming-feature InferIsolatedConformances -enable-upcoming-feature NonisolatedNonsendingByDefault -enable-experimental-feature DebugDescriptionMacro -sdk /Applications/Xcode.app/Contents/Developer/Platforms/iPhoneSimulator.platform/Developer/SDKs/iPhoneSimulator26.0.sdk -target x86_64-apple-ios26.0-simulator -g -module-cache-path /Users/lucapagano/Library/Developer/Xcode/DerivedData/ModuleCache.noindex -Xfrontend -serialize-debugging-options -enable-testing -index-store-path /Users/lucapagano/Library/Developer/Xcode/DerivedData/WWFChallenge7-cfydqwbbzpiusnddzyowdqjkiwqg/Index.noindex/DataStore -Xcc -D_LIBCPP_HARDENING_MODE\=_LIBCPP_HARDENING_MODE_DEBUG -swift-version 5 -I /Users/lucapagano/Library/Developer/Xcode/DerivedData/WWFChallenge7-cfydqwbbzpiusnddzyowdqjkiwqg/Build/Products/Debug-iphonesimulator -F /Users/lucapagano/Library/Developer/Xcode/DerivedData/WWFChallenge7-cfydqwbbzpiusnddzyowdqjkiwqg/Build/Products/Debug-iphonesimulator -emit-localized-strings -emit-localized-strings-path /Users/lucapagano/Library/Developer/Xcode/DerivedData/WWFChallenge7-cfydqwbbzpiusnddzyowdqjkiwqg/Build/Intermediates.noindex/WWFChallenge7.build/Debug-iphonesimulator/WWFChallenge7.build/Objects-normal/x86_64 -c -j10 -enable-batch-mode -incremental -Xcc -ivfsstatcache -Xcc /Users/lucapagano/Library/Developer/Xcode/DerivedData/SDKStatCaches.noindex/iphonesimulator26.0-23A339-26257891a6c027eb51374368541b8346.sdkstatcache -output-file-map /Users/lucapagano/Library/Developer/Xcode/DerivedData/WWFChallenge7-cfydqwbbzpiusnddzyowdqjkiwqg/Build/Intermediates.noindex/WWFChallenge7.build/Debug-iphonesimulator/WWFChallenge7.build/Objects-normal/x86_64/WWFChallenge7-OutputFileMap.json -use-frontend-parseable-output -save-temps -no-color-diagnostics -explicit-module-build -module-cache-path /Users/lucapagano/Library/Developer/Xcode/DerivedData/WWFChallenge7-cfydqwbbzpiusnddzyowdqjkiwqg/Build/Intermediates.noindex/SwiftExplicitPrecompiledModules -clang-scanner-module-cache-path /Users/lucapagano/Library/Developer/Xcode/DerivedData/ModuleCache.noindex -sdk-module-cache-path /Users/lucapagano/Library/Developer/Xcode/DerivedData/ModuleCache.noindex -serialize-diagnostics -emit-dependencies -emit-module -emit-module-path /Users/lucapagano/Library/Developer/Xcode/DerivedData/WWFChallenge7-cfydqwbbzpiusnddzyowdqjkiwqg/Build/Intermediates.noindex/WWFChallenge7.build/Debug-iphonesimulator/WWFChallenge7.build/Objects-normal/x86_64/WWFChallenge7.swiftmodule -validate-clang-modules-once -clang-build-session-file /Users/lucapagano/Library/Developer/Xcode/DerivedData/ModuleCache.noindex/Session.modulevalidation -Xcc -I/Users/lucapagano/Library/Developer/Xcode/DerivedData/WWFChallenge7-cfydqwbbzpiusnddzyowdqjkiwqg/Build/Intermediates.noindex/WWFChallenge7.build/Debug-iphonesimulator/WWFChallenge7.build/swift-overrides.hmap -emit-const-values -Xfrontend -const-gather-protocols-file -Xfrontend /Users/lucapagano/Library/Developer/Xcode/DerivedData/WWFChallenge7-cfydqwbbzpiusnddzyowdqjkiwqg/Build/Intermediates.noindex/WWFChallenge7.build/Debug-iphonesimulator/WWFChallenge7.build/Objects-normal/x86_64/WWFChallenge7_const_extract_protocols.json -Xcc -iquote -Xcc /Users/lucapagano/Library/Developer/Xcode/DerivedData/WWFChallenge7-cfydqwbbzpiusnddzyowdqjkiwqg/Build/Intermediates.noindex/WWFChallenge7.build/Debug-iphonesimulator/WWFChallenge7.build/WWFChallenge7-generated-files.hmap -Xcc -I/Users/lucapagano/Library/Developer/Xcode/DerivedData/WWFChallenge7-cfydqwbbzpiusnddzyowdqjkiwqg/Build/Intermediates.noindex/WWFChallenge7.build/Debug-iphonesimulator/WWFChallenge7.build/WWFChallenge7-own-target-headers.hmap -Xcc -I/Users/lucapagano/Library/Developer/Xcode/DerivedData/WWFChallenge7-cfydqwbbzpiusnddzyowdqjkiwqg/Build/Intermediates.noindex/WWFChallenge7.build/Debug-iphonesimulator/WWFChallenge7.build/WWFChallenge7-all-target-headers.hmap -Xcc -iquote -Xcc /Users/lucapagano/Library/Developer/Xcode/DerivedData/WWFChallenge7-cfydqwbbzpiusnddzyowdqjkiwqg/Build/Intermediates.noindex/WWFChallenge7.build/Debug-iphonesimulator/WWFChallenge7.build/WWFChallenge7-project-headers.hmap -Xcc -I/Users/lucapagano/Library/Developer/Xcode/DerivedData/WWFChallenge7-cfydqwbbzpiusnddzyowdqjkiwqg/Build/Products/Debug-iphonesimulator/include -Xcc -I/Users/lucapagano/Library/Developer/Xcode/DerivedData/WWFChallenge7-cfydqwbbzpiusnddzyowdqjkiwqg/Build/Intermediates.noindex/WWFChallenge7.build/Debug-iphonesimulator/WWFChallenge7.build/DerivedSources-normal/x86_64 -Xcc -I/Users/lucapagano/Library/Developer/Xcode/DerivedData/WWFChallenge7-cfydqwbbzpiusnddzyowdqjkiwqg/Build/Intermediates.noindex/WWFChallenge7.build/Debug-iphonesimulator/WWFChallenge7.build/DerivedSources/x86_64 -Xcc -I/Users/lucapagano/Library/Developer/Xcode/DerivedData/WWFChallenge7-cfydqwbbzpiusnddzyowdqjkiwqg/Build/Intermediates.noindex/WWFChallenge7.build/Debug-iphonesimulator/WWFChallenge7.build/DerivedSources -Xcc -DDEBUG\=1 -emit-objc-header -emit-objc-header-path /Users/lucapagano/Library/Developer/Xcode/DerivedData/WWFChallenge7-cfydqwbbzpiusnddzyowdqjkiwqg/Build/Intermediates.noindex/WWFChallenge7.build/Debug-iphonesimulator/WWFChallenge7.build/Objects-normal/x86_64/WWFChallenge7-Swift.h -working-directory /Users/lucapagano/Desktop/WWFUserAndManaging/AppUserWWF -experimental-emit-module-separately -disable-cmo

SwiftEmitModule normal arm64 Emitting\ module\ for\ WWFChallenge7 (in target 'WWFChallenge7' from project 'WWFChallenge7')

EmitSwiftModule normal arm64 (in target 'WWFChallenge7' from project 'WWFChallenge7')
    cd /Users/lucapagano/Desktop/WWFUserAndManaging/AppUserWWF
    
/Users/lucapagano/Desktop/WWFUserAndManaging/AppUserWWF/WWFChallenge7/Data/Sources/Supabase/SupabaseConfig.swift:29:16: warning: 'httpShouldUsePipelining' was deprecated in iOS 18.4: Only supported in the classic loader, please adopt HTTP/2 and HTTP/3 instead
        config.httpShouldUsePipelining = false
               ^
/Users/lucapagano/Desktop/WWFUserAndManaging/AppUserWWF/WWFChallenge7/Data/Sources/Supabase/SupabaseConfig.swift:40:16: warning: 'httpShouldUsePipelining' was deprecated in iOS 18.4: Only supported in the classic loader, please adopt HTTP/2 and HTTP/3 instead
        config.httpShouldUsePipelining = false
               ^
@__swiftmacro_13WWFChallenge75Event5ModelfMe_.swift:9:18: warning: redundant conformance of 'Event' to protocol 'Sendable'
extension Event: Sendable {
                 ^
/Users/lucapagano/Desktop/WWFUserAndManaging/AppUserWWF/WWFChallenge7/Domain/Entities/Event.swift:13:1: note: in expansion of macro 'Model' on class 'Event' here
@Model
^~~~~~
/Users/lucapagano/Desktop/WWFUserAndManaging/AppUserWWF/WWFChallenge7/Domain/Entities/Event.swift:13:1: note: in expansion of macro 'Model' on class 'Event' here
@Model
^~~~~~
/Users/lucapagano/Desktop/WWFUserAndManaging/AppUserWWF/WWFChallenge7/Domain/Entities/Event.swift:14:13: note: 'Event' declares conformance to protocol 'Sendable' here
final class Event: @unchecked Sendable {
            ^
@__swiftmacro_13WWFChallenge716LocalTranslation5ModelfMe_.swift:9:29: warning: redundant conformance of 'LocalTranslation' to protocol 'Sendable'
extension LocalTranslation: Sendable {
                            ^
/Users/lucapagano/Desktop/WWFUserAndManaging/AppUserWWF/WWFChallenge7/Domain/Entities/LocalTranslation.swift:11:1: note: in expansion of macro 'Model' on class 'LocalTranslation' here
@Model
^~~~~~
/Users/lucapagano/Desktop/WWFUserAndManaging/AppUserWWF/WWFChallenge7/Domain/Entities/LocalTranslation.swift:11:1: note: in expansion of macro 'Model' on class 'LocalTranslation' here
@Model
^~~~~~
/Users/lucapagano/Desktop/WWFUserAndManaging/AppUserWWF/WWFChallenge7/Domain/Entities/LocalTranslation.swift:12:13: note: 'LocalTranslation' declares conformance to protocol 'Sendable' here
final class LocalTranslation: @unchecked Sendable {
            ^
@__swiftmacro_13WWFChallenge73POI5ModelfMe_.swift:9:16: warning: redundant conformance of 'POI' to protocol 'Sendable'
extension POI: Sendable {
               ^
/Users/lucapagano/Desktop/WWFUserAndManaging/AppUserWWF/WWFChallenge7/Domain/Entities/POI.swift:13:1: note: in expansion of macro 'Model' on class 'POI' here
@Model
^~~~~~
/Users/lucapagano/Desktop/WWFUserAndManaging/AppUserWWF/WWFChallenge7/Domain/Entities/POI.swift:13:1: note: in expansion of macro 'Model' on class 'POI' here
@Model
^~~~~~
/Users/lucapagano/Desktop/WWFUserAndManaging/AppUserWWF/WWFChallenge7/Domain/Entities/POI.swift:14:13: note: 'POI' declares conformance to protocol 'Sendable' here
final class POI: @unchecked Sendable {
            ^
@__swiftmacro_13WWFChallenge75Trail5ModelfMe_.swift:9:18: warning: redundant conformance of 'Trail' to protocol 'Sendable'
extension Trail: Sendable {
                 ^
/Users/lucapagano/Desktop/WWFUserAndManaging/AppUserWWF/WWFChallenge7/Domain/Entities/Trail.swift:13:1: note: in expansion of macro 'Model' on class 'Trail' here
@Model
^~~~~~
/Users/lucapagano/Desktop/WWFUserAndManaging/AppUserWWF/WWFChallenge7/Domain/Entities/Trail.swift:13:1: note: in expansion of macro 'Model' on class 'Trail' here
@Model
^~~~~~
/Users/lucapagano/Desktop/WWFUserAndManaging/AppUserWWF/WWFChallenge7/Domain/Entities/Trail.swift:14:13: note: 'Trail' declares conformance to protocol 'Sendable' here
final class Trail: @unchecked Sendable {
            ^
@__swiftmacro_13WWFChallenge79TrailStep5ModelfMe_.swift:9:22: warning: redundant conformance of 'TrailStep' to protocol 'Sendable'
extension TrailStep: Sendable {
                     ^
/Users/lucapagano/Desktop/WWFUserAndManaging/AppUserWWF/WWFChallenge7/Domain/Entities/TrailStep.swift:17:1: note: in expansion of macro 'Model' on class 'TrailStep' here
@Model
^~~~~~
/Users/lucapagano/Desktop/WWFUserAndManaging/AppUserWWF/WWFChallenge7/Domain/Entities/TrailStep.swift:17:1: note: in expansion of macro 'Model' on class 'TrailStep' here
@Model
^~~~~~
/Users/lucapagano/Desktop/WWFUserAndManaging/AppUserWWF/WWFChallenge7/Domain/Entities/TrailStep.swift:18:13: note: 'TrailStep' declares conformance to protocol 'Sendable' here
final class TrailStep: @unchecked Sendable {
            ^
@__swiftmacro_13WWFChallenge711UserProfile5ModelfMe_.swift:9:24: warning: redundant conformance of 'UserProfile' to protocol 'Sendable'
extension UserProfile: Sendable {
                       ^
/Users/lucapagano/Desktop/WWFUserAndManaging/AppUserWWF/WWFChallenge7/Domain/Entities/UserProfile.swift:12:1: note: in expansion of macro 'Model' on class 'UserProfile' here
@Model
^~~~~~
/Users/lucapagano/Desktop/WWFUserAndManaging/AppUserWWF/WWFChallenge7/Domain/Entities/UserProfile.swift:12:1: note: in expansion of macro 'Model' on class 'UserProfile' here
@Model
^~~~~~
/Users/lucapagano/Desktop/WWFUserAndManaging/AppUserWWF/WWFChallenge7/Domain/Entities/UserProfile.swift:13:13: note: 'UserProfile' declares conformance to protocol 'Sendable' here
final class UserProfile: @unchecked Sendable {
            ^

SwiftCompile normal arm64 Compiling\ LocalizationManager.swift /Users/lucapagano/Desktop/WWFUserAndManaging/AppUserWWF/WWFChallenge7/Services/LocalizationManager.swift (in target 'WWFChallenge7' from project 'WWFChallenge7')
SwiftCompile normal arm64 /Users/lucapagano/Desktop/WWFUserAndManaging/AppUserWWF/WWFChallenge7/Services/LocalizationManager.swift (in target 'WWFChallenge7' from project 'WWFChallenge7')
    cd /Users/lucapagano/Desktop/WWFUserAndManaging/AppUserWWF
    

SwiftCompile normal arm64 Compiling\ GeneratedAssetSymbols.swift /Users/lucapagano/Library/Developer/Xcode/DerivedData/WWFChallenge7-cfydqwbbzpiusnddzyowdqjkiwqg/Build/Intermediates.noindex/WWFChallenge7.build/Debug-iphonesimulator/WWFChallenge7.build/DerivedSources/GeneratedAssetSymbols.swift (in target 'WWFChallenge7' from project 'WWFChallenge7')

SwiftCompile normal arm64 /Users/lucapagano/Library/Developer/Xcode/DerivedData/WWFChallenge7-cfydqwbbzpiusnddzyowdqjkiwqg/Build/Intermediates.noindex/WWFChallenge7.build/Debug-iphonesimulator/WWFChallenge7.build/DerivedSources/GeneratedAssetSymbols.swift (in target 'WWFChallenge7' from project 'WWFChallenge7')
    cd /Users/lucapagano/Desktop/WWFUserAndManaging/AppUserWWF
    

SwiftEmitModule normal x86_64 Emitting\ module\ for\ WWFChallenge7 (in target 'WWFChallenge7' from project 'WWFChallenge7')

EmitSwiftModule normal x86_64 (in target 'WWFChallenge7' from project 'WWFChallenge7')
    cd /Users/lucapagano/Desktop/WWFUserAndManaging/AppUserWWF
    
/Users/lucapagano/Desktop/WWFUserAndManaging/AppUserWWF/WWFChallenge7/Data/Sources/Supabase/SupabaseConfig.swift:29:16: warning: 'httpShouldUsePipelining' was deprecated in iOS 18.4: Only supported in the classic loader, please adopt HTTP/2 and HTTP/3 instead
        config.httpShouldUsePipelining = false
               ^
/Users/lucapagano/Desktop/WWFUserAndManaging/AppUserWWF/WWFChallenge7/Data/Sources/Supabase/SupabaseConfig.swift:40:16: warning: 'httpShouldUsePipelining' was deprecated in iOS 18.4: Only supported in the classic loader, please adopt HTTP/2 and HTTP/3 instead
        config.httpShouldUsePipelining = false
               ^
@__swiftmacro_13WWFChallenge75Event5ModelfMe_.swift:9:18: warning: redundant conformance of 'Event' to protocol 'Sendable'
extension Event: Sendable {
                 ^
/Users/lucapagano/Desktop/WWFUserAndManaging/AppUserWWF/WWFChallenge7/Domain/Entities/Event.swift:13:1: note: in expansion of macro 'Model' on class 'Event' here
@Model
^~~~~~
/Users/lucapagano/Desktop/WWFUserAndManaging/AppUserWWF/WWFChallenge7/Domain/Entities/Event.swift:13:1: note: in expansion of macro 'Model' on class 'Event' here
@Model
^~~~~~
/Users/lucapagano/Desktop/WWFUserAndManaging/AppUserWWF/WWFChallenge7/Domain/Entities/Event.swift:14:13: note: 'Event' declares conformance to protocol 'Sendable' here
final class Event: @unchecked Sendable {
            ^
@__swiftmacro_13WWFChallenge716LocalTranslation5ModelfMe_.swift:9:29: warning: redundant conformance of 'LocalTranslation' to protocol 'Sendable'
extension LocalTranslation: Sendable {
                            ^
/Users/lucapagano/Desktop/WWFUserAndManaging/AppUserWWF/WWFChallenge7/Domain/Entities/LocalTranslation.swift:11:1: note: in expansion of macro 'Model' on class 'LocalTranslation' here
@Model
^~~~~~
/Users/lucapagano/Desktop/WWFUserAndManaging/AppUserWWF/WWFChallenge7/Domain/Entities/LocalTranslation.swift:11:1: note: in expansion of macro 'Model' on class 'LocalTranslation' here
@Model
^~~~~~
/Users/lucapagano/Desktop/WWFUserAndManaging/AppUserWWF/WWFChallenge7/Domain/Entities/LocalTranslation.swift:12:13: note: 'LocalTranslation' declares conformance to protocol 'Sendable' here
final class LocalTranslation: @unchecked Sendable {
            ^
@__swiftmacro_13WWFChallenge73POI5ModelfMe_.swift:9:16: warning: redundant conformance of 'POI' to protocol 'Sendable'
extension POI: Sendable {
               ^
/Users/lucapagano/Desktop/WWFUserAndManaging/AppUserWWF/WWFChallenge7/Domain/Entities/POI.swift:13:1: note: in expansion of macro 'Model' on class 'POI' here
@Model
^~~~~~
/Users/lucapagano/Desktop/WWFUserAndManaging/AppUserWWF/WWFChallenge7/Domain/Entities/POI.swift:13:1: note: in expansion of macro 'Model' on class 'POI' here
@Model
^~~~~~
/Users/lucapagano/Desktop/WWFUserAndManaging/AppUserWWF/WWFChallenge7/Domain/Entities/POI.swift:14:13: note: 'POI' declares conformance to protocol 'Sendable' here
final class POI: @unchecked Sendable {
            ^
@__swiftmacro_13WWFChallenge75Trail5ModelfMe_.swift:9:18: warning: redundant conformance of 'Trail' to protocol 'Sendable'
extension Trail: Sendable {
                 ^
/Users/lucapagano/Desktop/WWFUserAndManaging/AppUserWWF/WWFChallenge7/Domain/Entities/Trail.swift:13:1: note: in expansion of macro 'Model' on class 'Trail' here
@Model
^~~~~~
/Users/lucapagano/Desktop/WWFUserAndManaging/AppUserWWF/WWFChallenge7/Domain/Entities/Trail.swift:13:1: note: in expansion of macro 'Model' on class 'Trail' here
@Model
^~~~~~
/Users/lucapagano/Desktop/WWFUserAndManaging/AppUserWWF/WWFChallenge7/Domain/Entities/Trail.swift:14:13: note: 'Trail' declares conformance to protocol 'Sendable' here
final class Trail: @unchecked Sendable {
            ^
@__swiftmacro_13WWFChallenge79TrailStep5ModelfMe_.swift:9:22: warning: redundant conformance of 'TrailStep' to protocol 'Sendable'
extension TrailStep: Sendable {
                     ^
/Users/lucapagano/Desktop/WWFUserAndManaging/AppUserWWF/WWFChallenge7/Domain/Entities/TrailStep.swift:17:1: note: in expansion of macro 'Model' on class 'TrailStep' here
@Model
^~~~~~
/Users/lucapagano/Desktop/WWFUserAndManaging/AppUserWWF/WWFChallenge7/Domain/Entities/TrailStep.swift:17:1: note: in expansion of macro 'Model' on class 'TrailStep' here
@Model
^~~~~~
/Users/lucapagano/Desktop/WWFUserAndManaging/AppUserWWF/WWFChallenge7/Domain/Entities/TrailStep.swift:18:13: note: 'TrailStep' declares conformance to protocol 'Sendable' here
final class TrailStep: @unchecked Sendable {
            ^
@__swiftmacro_13WWFChallenge711UserProfile5ModelfMe_.swift:9:24: warning: redundant conformance of 'UserProfile' to protocol 'Sendable'
extension UserProfile: Sendable {
                       ^
/Users/lucapagano/Desktop/WWFUserAndManaging/AppUserWWF/WWFChallenge7/Domain/Entities/UserProfile.swift:12:1: note: in expansion of macro 'Model' on class 'UserProfile' here
@Model
^~~~~~
/Users/lucapagano/Desktop/WWFUserAndManaging/AppUserWWF/WWFChallenge7/Domain/Entities/UserProfile.swift:12:1: note: in expansion of macro 'Model' on class 'UserProfile' here
@Model
^~~~~~
/Users/lucapagano/Desktop/WWFUserAndManaging/AppUserWWF/WWFChallenge7/Domain/Entities/UserProfile.swift:13:13: note: 'UserProfile' declares conformance to protocol 'Sendable' here
final class UserProfile: @unchecked Sendable {
            ^

SwiftCompile normal x86_64 Compiling\ LocalizationManager.swift /Users/lucapagano/Desktop/WWFUserAndManaging/AppUserWWF/WWFChallenge7/Services/LocalizationManager.swift (in target 'WWFChallenge7' from project 'WWFChallenge7')

SwiftCompile normal x86_64 /Users/lucapagano/Desktop/WWFUserAndManaging/AppUserWWF/WWFChallenge7/Services/LocalizationManager.swift (in target 'WWFChallenge7' from project 'WWFChallenge7')
    cd /Users/lucapagano/Desktop/WWFUserAndManaging/AppUserWWF
    

SwiftCompile normal x86_64 Compiling\ GeneratedAssetSymbols.swift /Users/lucapagano/Library/Developer/Xcode/DerivedData/WWFChallenge7-cfydqwbbzpiusnddzyowdqjkiwqg/Build/Intermediates.noindex/WWFChallenge7.build/Debug-iphonesimulator/WWFChallenge7.build/DerivedSources/GeneratedAssetSymbols.swift (in target 'WWFChallenge7' from project 'WWFChallenge7')

SwiftCompile normal x86_64 /Users/lucapagano/Library/Developer/Xcode/DerivedData/WWFChallenge7-cfydqwbbzpiusnddzyowdqjkiwqg/Build/Intermediates.noindex/WWFChallenge7.build/Debug-iphonesimulator/WWFChallenge7.build/DerivedSources/GeneratedAssetSymbols.swift (in target 'WWFChallenge7' from project 'WWFChallenge7')
    cd /Users/lucapagano/Desktop/WWFUserAndManaging/AppUserWWF
    

SwiftDriverJobDiscovery normal x86_64 Compiling GeneratedAssetSymbols.swift (in target 'WWFChallenge7' from project 'WWFChallenge7')

SwiftDriverJobDiscovery normal arm64 Compiling GeneratedAssetSymbols.swift (in target 'WWFChallenge7' from project 'WWFChallenge7')

SwiftDriverJobDiscovery normal x86_64 Compiling LocalizationManager.swift (in target 'WWFChallenge7' from project 'WWFChallenge7')

SwiftCompile normal x86_64 Compiling\ Trail.swift,\ TrailStep.swift /Users/lucapagano/Desktop/WWFUserAndManaging/AppUserWWF/WWFChallenge7/Domain/Entities/Trail.swift /Users/lucapagano/Desktop/WWFUserAndManaging/AppUserWWF/WWFChallenge7/Domain/Entities/TrailStep.swift (in target 'WWFChallenge7' from project 'WWFChallenge7')

SwiftCompile normal x86_64 /Users/lucapagano/Desktop/WWFUserAndManaging/AppUserWWF/WWFChallenge7/Domain/Entities/Trail.swift (in target 'WWFChallenge7' from project 'WWFChallenge7')
    cd /Users/lucapagano/Desktop/WWFUserAndManaging/AppUserWWF
    
@__swiftmacro_13WWFChallenge75Trail5ModelfMe_.swift:9:18: warning: redundant conformance of 'Trail' to protocol 'Sendable'
extension Trail: Sendable {
                 ^
/Users/lucapagano/Desktop/WWFUserAndManaging/AppUserWWF/WWFChallenge7/Domain/Entities/Trail.swift:13:1: note: in expansion of macro 'Model' on class 'Trail' here
@Model
^~~~~~
/Users/lucapagano/Desktop/WWFUserAndManaging/AppUserWWF/WWFChallenge7/Domain/Entities/Trail.swift:13:1: note: in expansion of macro 'Model' on class 'Trail' here
@Model
^~~~~~
/Users/lucapagano/Desktop/WWFUserAndManaging/AppUserWWF/WWFChallenge7/Domain/Entities/Trail.swift:14:13: note: 'Trail' declares conformance to protocol 'Sendable' here
final class Trail: @unchecked Sendable {
            ^
@__swiftmacro_13WWFChallenge79TrailStep5ModelfMe_.swift:9:22: warning: redundant conformance of 'TrailStep' to protocol 'Sendable'
extension TrailStep: Sendable {
                     ^
/Users/lucapagano/Desktop/WWFUserAndManaging/AppUserWWF/WWFChallenge7/Domain/Entities/TrailStep.swift:17:1: note: in expansion of macro 'Model' on class 'TrailStep' here
@Model
^~~~~~
/Users/lucapagano/Desktop/WWFUserAndManaging/AppUserWWF/WWFChallenge7/Domain/Entities/TrailStep.swift:17:1: note: in expansion of macro 'Model' on class 'TrailStep' here
@Model
^~~~~~
/Users/lucapagano/Desktop/WWFUserAndManaging/AppUserWWF/WWFChallenge7/Domain/Entities/TrailStep.swift:18:13: note: 'TrailStep' declares conformance to protocol 'Sendable' here
final class TrailStep: @unchecked Sendable {
            ^

SwiftCompile normal x86_64 /Users/lucapagano/Desktop/WWFUserAndManaging/AppUserWWF/WWFChallenge7/Domain/Entities/TrailStep.swift (in target 'WWFChallenge7' from project 'WWFChallenge7')
    cd /Users/lucapagano/Desktop/WWFUserAndManaging/AppUserWWF
    
@__swiftmacro_13WWFChallenge75Trail5ModelfMe_.swift:9:18: warning: redundant conformance of 'Trail' to protocol 'Sendable'
extension Trail: Sendable {
                 ^
/Users/lucapagano/Desktop/WWFUserAndManaging/AppUserWWF/WWFChallenge7/Domain/Entities/Trail.swift:13:1: note: in expansion of macro 'Model' on class 'Trail' here
@Model
^~~~~~
/Users/lucapagano/Desktop/WWFUserAndManaging/AppUserWWF/WWFChallenge7/Domain/Entities/Trail.swift:13:1: note: in expansion of macro 'Model' on class 'Trail' here
@Model
^~~~~~
/Users/lucapagano/Desktop/WWFUserAndManaging/AppUserWWF/WWFChallenge7/Domain/Entities/Trail.swift:14:13: note: 'Trail' declares conformance to protocol 'Sendable' here
final class Trail: @unchecked Sendable {
            ^
@__swiftmacro_13WWFChallenge79TrailStep5ModelfMe_.swift:9:22: warning: redundant conformance of 'TrailStep' to protocol 'Sendable'
extension TrailStep: Sendable {
                     ^
/Users/lucapagano/Desktop/WWFUserAndManaging/AppUserWWF/WWFChallenge7/Domain/Entities/TrailStep.swift:17:1: note: in expansion of macro 'Model' on class 'TrailStep' here
@Model
^~~~~~
/Users/lucapagano/Desktop/WWFUserAndManaging/AppUserWWF/WWFChallenge7/Domain/Entities/TrailStep.swift:17:1: note: in expansion of macro 'Model' on class 'TrailStep' here
@Model
^~~~~~
/Users/lucapagano/Desktop/WWFUserAndManaging/AppUserWWF/WWFChallenge7/Domain/Entities/TrailStep.swift:18:13: note: 'TrailStep' declares conformance to protocol 'Sendable' here
final class TrailStep: @unchecked Sendable {
            ^

SwiftCompile normal x86_64 Compiling\ ActiveTrailView.swift,\ DashboardView.swift /Users/lucapagano/Desktop/WWFUserAndManaging/AppUserWWF/WWFChallenge7/Views/Visitor/ActiveTrailView.swift /Users/lucapagano/Desktop/WWFUserAndManaging/AppUserWWF/WWFChallenge7/Views/Visitor/DashboardView.swift (in target 'WWFChallenge7' from project 'WWFChallenge7')
SwiftCompile normal x86_64 /Users/lucapagano/Desktop/WWFUserAndManaging/AppUserWWF/WWFChallenge7/Views/Visitor/ActiveTrailView.swift (in target 'WWFChallenge7' from project 'WWFChallenge7')
    cd /Users/lucapagano/Desktop/WWFUserAndManaging/AppUserWWF
    

SwiftCompile normal x86_64 /Users/lucapagano/Desktop/WWFUserAndManaging/AppUserWWF/WWFChallenge7/Views/Visitor/DashboardView.swift (in target 'WWFChallenge7' from project 'WWFChallenge7')
    cd /Users/lucapagano/Desktop/WWFUserAndManaging/AppUserWWF
    

SwiftCompile normal x86_64 Compiling\ TrailDetailView.swift /Users/lucapagano/Desktop/WWFUserAndManaging/AppUserWWF/WWFChallenge7/Views/Visitor/TrailDetailView.swift (in target 'WWFChallenge7' from project 'WWFChallenge7')

SwiftCompile normal x86_64 /Users/lucapagano/Desktop/WWFUserAndManaging/AppUserWWF/WWFChallenge7/Views/Visitor/TrailDetailView.swift (in target 'WWFChallenge7' from project 'WWFChallenge7')
    cd /Users/lucapagano/Desktop/WWFUserAndManaging/AppUserWWF
    

SwiftCompile normal x86_64 Compiling\ VisitorRootView.swift /Users/lucapagano/Desktop/WWFUserAndManaging/AppUserWWF/WWFChallenge7/Views/Visitor/VisitorRootView.swift (in target 'WWFChallenge7' from project 'WWFChallenge7')

SwiftCompile normal x86_64 /Users/lucapagano/Desktop/WWFUserAndManaging/AppUserWWF/WWFChallenge7/Views/Visitor/VisitorRootView.swift (in target 'WWFChallenge7' from project 'WWFChallenge7')
    cd /Users/lucapagano/Desktop/WWFUserAndManaging/AppUserWWF
    

SwiftCompile normal x86_64 Compiling\ ProfileView.swift,\ QRScannerView.swift /Users/lucapagano/Desktop/WWFUserAndManaging/AppUserWWF/WWFChallenge7/Views/Visitor/ProfileView.swift /Users/lucapagano/Desktop/WWFUserAndManaging/AppUserWWF/WWFChallenge7/Views/Visitor/QRScannerView.swift (in target 'WWFChallenge7' from project 'WWFChallenge7')

SwiftCompile normal x86_64 /Users/lucapagano/Desktop/WWFUserAndManaging/AppUserWWF/WWFChallenge7/Views/Visitor/ProfileView.swift (in target 'WWFChallenge7' from project 'WWFChallenge7')
    cd /Users/lucapagano/Desktop/WWFUserAndManaging/AppUserWWF
    

SwiftCompile normal x86_64 /Users/lucapagano/Desktop/WWFUserAndManaging/AppUserWWF/WWFChallenge7/Views/Visitor/QRScannerView.swift (in target 'WWFChallenge7' from project 'WWFChallenge7')
    cd /Users/lucapagano/Desktop/WWFUserAndManaging/AppUserWWF
    

SwiftCompile normal x86_64 Compiling\ EventListView.swift,\ POIModalView.swift /Users/lucapagano/Desktop/WWFUserAndManaging/AppUserWWF/WWFChallenge7/Views/Visitor/EventListView.swift /Users/lucapagano/Desktop/WWFUserAndManaging/AppUserWWF/WWFChallenge7/Views/Visitor/POIModalView.swift (in target 'WWFChallenge7' from project 'WWFChallenge7')
SwiftCompile normal x86_64 /Users/lucapagano/Desktop/WWFUserAndManaging/AppUserWWF/WWFChallenge7/Views/Visitor/EventListView.swift (in target 'WWFChallenge7' from project 'WWFChallenge7')
    cd /Users/lucapagano/Desktop/WWFUserAndManaging/AppUserWWF
    

SwiftCompile normal x86_64 /Users/lucapagano/Desktop/WWFUserAndManaging/AppUserWWF/WWFChallenge7/Views/Visitor/POIModalView.swift (in target 'WWFChallenge7' from project 'WWFChallenge7')
    cd /Users/lucapagano/Desktop/WWFUserAndManaging/AppUserWWF
    

SwiftCompile normal x86_64 Compiling\ WWFChallenge7App.swift /Users/lucapagano/Desktop/WWFUserAndManaging/AppUserWWF/WWFChallenge7/WWFChallenge7App.swift (in target 'WWFChallenge7' from project 'WWFChallenge7')

SwiftCompile normal x86_64 /Users/lucapagano/Desktop/WWFUserAndManaging/AppUserWWF/WWFChallenge7/WWFChallenge7App.swift (in target 'WWFChallenge7' from project 'WWFChallenge7')
    cd /Users/lucapagano/Desktop/WWFUserAndManaging/AppUserWWF
    

SwiftCompile normal x86_64 Compiling\ DownloadSelectionView.swift,\ EventDetailView.swift /Users/lucapagano/Desktop/WWFUserAndManaging/AppUserWWF/WWFChallenge7/Views/Visitor/DownloadSelectionView.swift /Users/lucapagano/Desktop/WWFUserAndManaging/AppUserWWF/WWFChallenge7/Views/Visitor/EventDetailView.swift (in target 'WWFChallenge7' from project 'WWFChallenge7')
SwiftCompile normal x86_64 /Users/lucapagano/Desktop/WWFUserAndManaging/AppUserWWF/WWFChallenge7/Views/Visitor/DownloadSelectionView.swift (in target 'WWFChallenge7' from project 'WWFChallenge7')
    cd /Users/lucapagano/Desktop/WWFUserAndManaging/AppUserWWF
    

SwiftCompile normal x86_64 /Users/lucapagano/Desktop/WWFUserAndManaging/AppUserWWF/WWFChallenge7/Views/Visitor/EventDetailView.swift (in target 'WWFChallenge7' from project 'WWFChallenge7')
    cd /Users/lucapagano/Desktop/WWFUserAndManaging/AppUserWWF
    

SwiftDriverJobDiscovery normal x86_64 Compiling VisitorRootView.swift (in target 'WWFChallenge7' from project 'WWFChallenge7')

SwiftCompile normal x86_64 Compiling\ TrailMapComponents.swift /Users/lucapagano/Desktop/WWFUserAndManaging/AppUserWWF/WWFChallenge7/Views/Visitor/TrailMapComponents.swift (in target 'WWFChallenge7' from project 'WWFChallenge7')

SwiftCompile normal x86_64 /Users/lucapagano/Desktop/WWFUserAndManaging/AppUserWWF/WWFChallenge7/Views/Visitor/TrailMapComponents.swift (in target 'WWFChallenge7' from project 'WWFChallenge7')
    cd /Users/lucapagano/Desktop/WWFUserAndManaging/AppUserWWF
    

SwiftDriverJobDiscovery normal x86_64 Compiling ProfileView.swift, QRScannerView.swift (in target 'WWFChallenge7' from project 'WWFChallenge7')

SwiftCompile normal x86_64 Compiling\ Event.swift,\ POI.swift /Users/lucapagano/Desktop/WWFUserAndManaging/AppUserWWF/WWFChallenge7/Domain/Entities/Event.swift /Users/lucapagano/Desktop/WWFUserAndManaging/AppUserWWF/WWFChallenge7/Domain/Entities/POI.swift (in target 'WWFChallenge7' from project 'WWFChallenge7')

SwiftCompile normal x86_64 /Users/lucapagano/Desktop/WWFUserAndManaging/AppUserWWF/WWFChallenge7/Domain/Entities/Event.swift (in target 'WWFChallenge7' from project 'WWFChallenge7')
    cd /Users/lucapagano/Desktop/WWFUserAndManaging/AppUserWWF
    
@__swiftmacro_13WWFChallenge75Event5ModelfMe_.swift:9:18: warning: redundant conformance of 'Event' to protocol 'Sendable'
extension Event: Sendable {
                 ^
/Users/lucapagano/Desktop/WWFUserAndManaging/AppUserWWF/WWFChallenge7/Domain/Entities/Event.swift:13:1: note: in expansion of macro 'Model' on class 'Event' here
@Model
^~~~~~
/Users/lucapagano/Desktop/WWFUserAndManaging/AppUserWWF/WWFChallenge7/Domain/Entities/Event.swift:13:1: note: in expansion of macro 'Model' on class 'Event' here
@Model
^~~~~~
/Users/lucapagano/Desktop/WWFUserAndManaging/AppUserWWF/WWFChallenge7/Domain/Entities/Event.swift:14:13: note: 'Event' declares conformance to protocol 'Sendable' here
final class Event: @unchecked Sendable {
            ^
@__swiftmacro_13WWFChallenge73POI5ModelfMe_.swift:9:16: warning: redundant conformance of 'POI' to protocol 'Sendable'
extension POI: Sendable {
               ^
/Users/lucapagano/Desktop/WWFUserAndManaging/AppUserWWF/WWFChallenge7/Domain/Entities/POI.swift:13:1: note: in expansion of macro 'Model' on class 'POI' here
@Model
^~~~~~
/Users/lucapagano/Desktop/WWFUserAndManaging/AppUserWWF/WWFChallenge7/Domain/Entities/POI.swift:13:1: note: in expansion of macro 'Model' on class 'POI' here
@Model
^~~~~~
/Users/lucapagano/Desktop/WWFUserAndManaging/AppUserWWF/WWFChallenge7/Domain/Entities/POI.swift:14:13: note: 'POI' declares conformance to protocol 'Sendable' here
final class POI: @unchecked Sendable {
            ^

SwiftCompile normal x86_64 /Users/lucapagano/Desktop/WWFUserAndManaging/AppUserWWF/WWFChallenge7/Domain/Entities/POI.swift (in target 'WWFChallenge7' from project 'WWFChallenge7')
    cd /Users/lucapagano/Desktop/WWFUserAndManaging/AppUserWWF
    
@__swiftmacro_13WWFChallenge75Event5ModelfMe_.swift:9:18: warning: redundant conformance of 'Event' to protocol 'Sendable'
extension Event: Sendable {
                 ^
/Users/lucapagano/Desktop/WWFUserAndManaging/AppUserWWF/WWFChallenge7/Domain/Entities/Event.swift:13:1: note: in expansion of macro 'Model' on class 'Event' here
@Model
^~~~~~
/Users/lucapagano/Desktop/WWFUserAndManaging/AppUserWWF/WWFChallenge7/Domain/Entities/Event.swift:13:1: note: in expansion of macro 'Model' on class 'Event' here
@Model
^~~~~~
/Users/lucapagano/Desktop/WWFUserAndManaging/AppUserWWF/WWFChallenge7/Domain/Entities/Event.swift:14:13: note: 'Event' declares conformance to protocol 'Sendable' here
final class Event: @unchecked Sendable {
            ^
@__swiftmacro_13WWFChallenge73POI5ModelfMe_.swift:9:16: warning: redundant conformance of 'POI' to protocol 'Sendable'
extension POI: Sendable {
               ^
/Users/lucapagano/Desktop/WWFUserAndManaging/AppUserWWF/WWFChallenge7/Domain/Entities/POI.swift:13:1: note: in expansion of macro 'Model' on class 'POI' here
@Model
^~~~~~
/Users/lucapagano/Desktop/WWFUserAndManaging/AppUserWWF/WWFChallenge7/Domain/Entities/POI.swift:13:1: note: in expansion of macro 'Model' on class 'POI' here
@Model
^~~~~~
/Users/lucapagano/Desktop/WWFUserAndManaging/AppUserWWF/WWFChallenge7/Domain/Entities/POI.swift:14:13: note: 'POI' declares conformance to protocol 'Sendable' here
final class POI: @unchecked Sendable {
            ^

SwiftDriverJobDiscovery normal arm64 Emitting module for WWFChallenge7 (in target 'WWFChallenge7' from project 'WWFChallenge7')

SwiftDriver\ Compilation\ Requirements WWFChallenge7 normal arm64 com.apple.xcode.tools.swift.compiler (in target 'WWFChallenge7' from project 'WWFChallenge7')
    cd /Users/lucapagano/Desktop/WWFUserAndManaging/AppUserWWF
    builtin-Swift-Compilation-Requirements -- /Applications/Xcode.app/Contents/Developer/Toolchains/XcodeDefault.xctoolchain/usr/bin/swiftc -module-name WWFChallenge7 -Onone -enforce-exclusivity\=checked @/Users/lucapagano/Library/Developer/Xcode/DerivedData/WWFChallenge7-cfydqwbbzpiusnddzyowdqjkiwqg/Build/Intermediates.noindex/WWFChallenge7.build/Debug-iphonesimulator/WWFChallenge7.build/Objects-normal/arm64/WWFChallenge7.SwiftFileList -DDEBUG -default-isolation\=MainActor -enable-bare-slash-regex -enable-upcoming-feature DisableOutwardActorInference -enable-upcoming-feature InferSendableFromCaptures -enable-upcoming-feature GlobalActorIsolatedTypesUsability -enable-upcoming-feature MemberImportVisibility -enable-upcoming-feature InferIsolatedConformances -enable-upcoming-feature NonisolatedNonsendingByDefault -enable-experimental-feature DebugDescriptionMacro -sdk /Applications/Xcode.app/Contents/Developer/Platforms/iPhoneSimulator.platform/Developer/SDKs/iPhoneSimulator26.0.sdk -target arm64-apple-ios26.0-simulator -g -module-cache-path /Users/lucapagano/Library/Developer/Xcode/DerivedData/ModuleCache.noindex -Xfrontend -serialize-debugging-options -enable-testing -index-store-path /Users/lucapagano/Library/Developer/Xcode/DerivedData/WWFChallenge7-cfydqwbbzpiusnddzyowdqjkiwqg/Index.noindex/DataStore -Xcc -D_LIBCPP_HARDENING_MODE\=_LIBCPP_HARDENING_MODE_DEBUG -swift-version 5 -I /Users/lucapagano/Library/Developer/Xcode/DerivedData/WWFChallenge7-cfydqwbbzpiusnddzyowdqjkiwqg/Build/Products/Debug-iphonesimulator -F /Users/lucapagano/Library/Developer/Xcode/DerivedData/WWFChallenge7-cfydqwbbzpiusnddzyowdqjkiwqg/Build/Products/Debug-iphonesimulator -emit-localized-strings -emit-localized-strings-path /Users/lucapagano/Library/Developer/Xcode/DerivedData/WWFChallenge7-cfydqwbbzpiusnddzyowdqjkiwqg/Build/Intermediates.noindex/WWFChallenge7.build/Debug-iphonesimulator/WWFChallenge7.build/Objects-normal/arm64 -c -j10 -enable-batch-mode -incremental -Xcc -ivfsstatcache -Xcc /Users/lucapagano/Library/Developer/Xcode/DerivedData/SDKStatCaches.noindex/iphonesimulator26.0-23A339-26257891a6c027eb51374368541b8346.sdkstatcache -output-file-map /Users/lucapagano/Library/Developer/Xcode/DerivedData/WWFChallenge7-cfydqwbbzpiusnddzyowdqjkiwqg/Build/Intermediates.noindex/WWFChallenge7.build/Debug-iphonesimulator/WWFChallenge7.build/Objects-normal/arm64/WWFChallenge7-OutputFileMap.json -use-frontend-parseable-output -save-temps -no-color-diagnostics -explicit-module-build -module-cache-path /Users/lucapagano/Library/Developer/Xcode/DerivedData/WWFChallenge7-cfydqwbbzpiusnddzyowdqjkiwqg/Build/Intermediates.noindex/SwiftExplicitPrecompiledModules -clang-scanner-module-cache-path /Users/lucapagano/Library/Developer/Xcode/DerivedData/ModuleCache.noindex -sdk-module-cache-path /Users/lucapagano/Library/Developer/Xcode/DerivedData/ModuleCache.noindex -serialize-diagnostics -emit-dependencies -emit-module -emit-module-path /Users/lucapagano/Library/Developer/Xcode/DerivedData/WWFChallenge7-cfydqwbbzpiusnddzyowdqjkiwqg/Build/Intermediates.noindex/WWFChallenge7.build/Debug-iphonesimulator/WWFChallenge7.build/Objects-normal/arm64/WWFChallenge7.swiftmodule -validate-clang-modules-once -clang-build-session-file /Users/lucapagano/Library/Developer/Xcode/DerivedData/ModuleCache.noindex/Session.modulevalidation -Xcc -I/Users/lucapagano/Library/Developer/Xcode/DerivedData/WWFChallenge7-cfydqwbbzpiusnddzyowdqjkiwqg/Build/Intermediates.noindex/WWFChallenge7.build/Debug-iphonesimulator/WWFChallenge7.build/swift-overrides.hmap -emit-const-values -Xfrontend -const-gather-protocols-file -Xfrontend /Users/lucapagano/Library/Developer/Xcode/DerivedData/WWFChallenge7-cfydqwbbzpiusnddzyowdqjkiwqg/Build/Intermediates.noindex/WWFChallenge7.build/Debug-iphonesimulator/WWFChallenge7.build/Objects-normal/arm64/WWFChallenge7_const_extract_protocols.json -Xcc -iquote -Xcc /Users/lucapagano/Library/Developer/Xcode/DerivedData/WWFChallenge7-cfydqwbbzpiusnddzyowdqjkiwqg/Build/Intermediates.noindex/WWFChallenge7.build/Debug-iphonesimulator/WWFChallenge7.build/WWFChallenge7-generated-files.hmap -Xcc -I/Users/lucapagano/Library/Developer/Xcode/DerivedData/WWFChallenge7-cfydqwbbzpiusnddzyowdqjkiwqg/Build/Intermediates.noindex/WWFChallenge7.build/Debug-iphonesimulator/WWFChallenge7.build/WWFChallenge7-own-target-headers.hmap -Xcc -I/Users/lucapagano/Library/Developer/Xcode/DerivedData/WWFChallenge7-cfydqwbbzpiusnddzyowdqjkiwqg/Build/Intermediates.noindex/WWFChallenge7.build/Debug-iphonesimulator/WWFChallenge7.build/WWFChallenge7-all-target-headers.hmap -Xcc -iquote -Xcc /Users/lucapagano/Library/Developer/Xcode/DerivedData/WWFChallenge7-cfydqwbbzpiusnddzyowdqjkiwqg/Build/Intermediates.noindex/WWFChallenge7.build/Debug-iphonesimulator/WWFChallenge7.build/WWFChallenge7-project-headers.hmap -Xcc -I/Users/lucapagano/Library/Developer/Xcode/DerivedData/WWFChallenge7-cfydqwbbzpiusnddzyowdqjkiwqg/Build/Products/Debug-iphonesimulator/include -Xcc -I/Users/lucapagano/Library/Developer/Xcode/DerivedData/WWFChallenge7-cfydqwbbzpiusnddzyowdqjkiwqg/Build/Intermediates.noindex/WWFChallenge7.build/Debug-iphonesimulator/WWFChallenge7.build/DerivedSources-normal/arm64 -Xcc -I/Users/lucapagano/Library/Developer/Xcode/DerivedData/WWFChallenge7-cfydqwbbzpiusnddzyowdqjkiwqg/Build/Intermediates.noindex/WWFChallenge7.build/Debug-iphonesimulator/WWFChallenge7.build/DerivedSources/arm64 -Xcc -I/Users/lucapagano/Library/Developer/Xcode/DerivedData/WWFChallenge7-cfydqwbbzpiusnddzyowdqjkiwqg/Build/Intermediates.noindex/WWFChallenge7.build/Debug-iphonesimulator/WWFChallenge7.build/DerivedSources -Xcc -DDEBUG\=1 -emit-objc-header -emit-objc-header-path /Users/lucapagano/Library/Developer/Xcode/DerivedData/WWFChallenge7-cfydqwbbzpiusnddzyowdqjkiwqg/Build/Intermediates.noindex/WWFChallenge7.build/Debug-iphonesimulator/WWFChallenge7.build/Objects-normal/arm64/WWFChallenge7-Swift.h -working-directory /Users/lucapagano/Desktop/WWFUserAndManaging/AppUserWWF -experimental-emit-module-separately -disable-cmo

SwiftDriverJobDiscovery normal x86_64 Emitting module for WWFChallenge7 (in target 'WWFChallenge7' from project 'WWFChallenge7')

SwiftDriver\ Compilation\ Requirements WWFChallenge7 normal x86_64 com.apple.xcode.tools.swift.compiler (in target 'WWFChallenge7' from project 'WWFChallenge7')
    cd /Users/lucapagano/Desktop/WWFUserAndManaging/AppUserWWF
    builtin-Swift-Compilation-Requirements -- /Applications/Xcode.app/Contents/Developer/Toolchains/XcodeDefault.xctoolchain/usr/bin/swiftc -module-name WWFChallenge7 -Onone -enforce-exclusivity\=checked @/Users/lucapagano/Library/Developer/Xcode/DerivedData/WWFChallenge7-cfydqwbbzpiusnddzyowdqjkiwqg/Build/Intermediates.noindex/WWFChallenge7.build/Debug-iphonesimulator/WWFChallenge7.build/Objects-normal/x86_64/WWFChallenge7.SwiftFileList -DDEBUG -default-isolation\=MainActor -enable-bare-slash-regex -enable-upcoming-feature DisableOutwardActorInference -enable-upcoming-feature InferSendableFromCaptures -enable-upcoming-feature GlobalActorIsolatedTypesUsability -enable-upcoming-feature MemberImportVisibility -enable-upcoming-feature InferIsolatedConformances -enable-upcoming-feature NonisolatedNonsendingByDefault -enable-experimental-feature DebugDescriptionMacro -sdk /Applications/Xcode.app/Contents/Developer/Platforms/iPhoneSimulator.platform/Developer/SDKs/iPhoneSimulator26.0.sdk -target x86_64-apple-ios26.0-simulator -g -module-cache-path /Users/lucapagano/Library/Developer/Xcode/DerivedData/ModuleCache.noindex -Xfrontend -serialize-debugging-options -enable-testing -index-store-path /Users/lucapagano/Library/Developer/Xcode/DerivedData/WWFChallenge7-cfydqwbbzpiusnddzyowdqjkiwqg/Index.noindex/DataStore -Xcc -D_LIBCPP_HARDENING_MODE\=_LIBCPP_HARDENING_MODE_DEBUG -swift-version 5 -I /Users/lucapagano/Library/Developer/Xcode/DerivedData/WWFChallenge7-cfydqwbbzpiusnddzyowdqjkiwqg/Build/Products/Debug-iphonesimulator -F /Users/lucapagano/Library/Developer/Xcode/DerivedData/WWFChallenge7-cfydqwbbzpiusnddzyowdqjkiwqg/Build/Products/Debug-iphonesimulator -emit-localized-strings -emit-localized-strings-path /Users/lucapagano/Library/Developer/Xcode/DerivedData/WWFChallenge7-cfydqwbbzpiusnddzyowdqjkiwqg/Build/Intermediates.noindex/WWFChallenge7.build/Debug-iphonesimulator/WWFChallenge7.build/Objects-normal/x86_64 -c -j10 -enable-batch-mode -incremental -Xcc -ivfsstatcache -Xcc /Users/lucapagano/Library/Developer/Xcode/DerivedData/SDKStatCaches.noindex/iphonesimulator26.0-23A339-26257891a6c027eb51374368541b8346.sdkstatcache -output-file-map /Users/lucapagano/Library/Developer/Xcode/DerivedData/WWFChallenge7-cfydqwbbzpiusnddzyowdqjkiwqg/Build/Intermediates.noindex/WWFChallenge7.build/Debug-iphonesimulator/WWFChallenge7.build/Objects-normal/x86_64/WWFChallenge7-OutputFileMap.json -use-frontend-parseable-output -save-temps -no-color-diagnostics -explicit-module-build -module-cache-path /Users/lucapagano/Library/Developer/Xcode/DerivedData/WWFChallenge7-cfydqwbbzpiusnddzyowdqjkiwqg/Build/Intermediates.noindex/SwiftExplicitPrecompiledModules -clang-scanner-module-cache-path /Users/lucapagano/Library/Developer/Xcode/DerivedData/ModuleCache.noindex -sdk-module-cache-path /Users/lucapagano/Library/Developer/Xcode/DerivedData/ModuleCache.noindex -serialize-diagnostics -emit-dependencies -emit-module -emit-module-path /Users/lucapagano/Library/Developer/Xcode/DerivedData/WWFChallenge7-cfydqwbbzpiusnddzyowdqjkiwqg/Build/Intermediates.noindex/WWFChallenge7.build/Debug-iphonesimulator/WWFChallenge7.build/Objects-normal/x86_64/WWFChallenge7.swiftmodule -validate-clang-modules-once -clang-build-session-file /Users/lucapagano/Library/Developer/Xcode/DerivedData/ModuleCache.noindex/Session.modulevalidation -Xcc -I/Users/lucapagano/Library/Developer/Xcode/DerivedData/WWFChallenge7-cfydqwbbzpiusnddzyowdqjkiwqg/Build/Intermediates.noindex/WWFChallenge7.build/Debug-iphonesimulator/WWFChallenge7.build/swift-overrides.hmap -emit-const-values -Xfrontend -const-gather-protocols-file -Xfrontend /Users/lucapagano/Library/Developer/Xcode/DerivedData/WWFChallenge7-cfydqwbbzpiusnddzyowdqjkiwqg/Build/Intermediates.noindex/WWFChallenge7.build/Debug-iphonesimulator/WWFChallenge7.build/Objects-normal/x86_64/WWFChallenge7_const_extract_protocols.json -Xcc -iquote -Xcc /Users/lucapagano/Library/Developer/Xcode/DerivedData/WWFChallenge7-cfydqwbbzpiusnddzyowdqjkiwqg/Build/Intermediates.noindex/WWFChallenge7.build/Debug-iphonesimulator/WWFChallenge7.build/WWFChallenge7-generated-files.hmap -Xcc -I/Users/lucapagano/Library/Developer/Xcode/DerivedData/WWFChallenge7-cfydqwbbzpiusnddzyowdqjkiwqg/Build/Intermediates.noindex/WWFChallenge7.build/Debug-iphonesimulator/WWFChallenge7.build/WWFChallenge7-own-target-headers.hmap -Xcc -I/Users/lucapagano/Library/Developer/Xcode/DerivedData/WWFChallenge7-cfydqwbbzpiusnddzyowdqjkiwqg/Build/Intermediates.noindex/WWFChallenge7.build/Debug-iphonesimulator/WWFChallenge7.build/WWFChallenge7-all-target-headers.hmap -Xcc -iquote -Xcc /Users/lucapagano/Library/Developer/Xcode/DerivedData/WWFChallenge7-cfydqwbbzpiusnddzyowdqjkiwqg/Build/Intermediates.noindex/WWFChallenge7.build/Debug-iphonesimulator/WWFChallenge7.build/WWFChallenge7-project-headers.hmap -Xcc -I/Users/lucapagano/Library/Developer/Xcode/DerivedData/WWFChallenge7-cfydqwbbzpiusnddzyowdqjkiwqg/Build/Products/Debug-iphonesimulator/include -Xcc -I/Users/lucapagano/Library/Developer/Xcode/DerivedData/WWFChallenge7-cfydqwbbzpiusnddzyowdqjkiwqg/Build/Intermediates.noindex/WWFChallenge7.build/Debug-iphonesimulator/WWFChallenge7.build/DerivedSources-normal/x86_64 -Xcc -I/Users/lucapagano/Library/Developer/Xcode/DerivedData/WWFChallenge7-cfydqwbbzpiusnddzyowdqjkiwqg/Build/Intermediates.noindex/WWFChallenge7.build/Debug-iphonesimulator/WWFChallenge7.build/DerivedSources/x86_64 -Xcc -I/Users/lucapagano/Library/Developer/Xcode/DerivedData/WWFChallenge7-cfydqwbbzpiusnddzyowdqjkiwqg/Build/Intermediates.noindex/WWFChallenge7.build/Debug-iphonesimulator/WWFChallenge7.build/DerivedSources -Xcc -DDEBUG\=1 -emit-objc-header -emit-objc-header-path /Users/lucapagano/Library/Developer/Xcode/DerivedData/WWFChallenge7-cfydqwbbzpiusnddzyowdqjkiwqg/Build/Intermediates.noindex/WWFChallenge7.build/Debug-iphonesimulator/WWFChallenge7.build/Objects-normal/x86_64/WWFChallenge7-Swift.h -working-directory /Users/lucapagano/Desktop/WWFUserAndManaging/AppUserWWF -experimental-emit-module-separately -disable-cmo

Copy /Users/lucapagano/Library/Developer/Xcode/DerivedData/WWFChallenge7-cfydqwbbzpiusnddzyowdqjkiwqg/Build/Products/Debug-iphonesimulator/WWFChallenge7.swiftmodule/x86_64-apple-ios-simulator.swiftmodule /Users/lucapagano/Library/Developer/Xcode/DerivedData/WWFChallenge7-cfydqwbbzpiusnddzyowdqjkiwqg/Build/Intermediates.noindex/WWFChallenge7.build/Debug-iphonesimulator/WWFChallenge7.build/Objects-normal/x86_64/WWFChallenge7.swiftmodule (in target 'WWFChallenge7' from project 'WWFChallenge7')
    cd /Users/lucapagano/Desktop/WWFUserAndManaging/AppUserWWF
    builtin-copy -exclude .DS_Store -exclude CVS -exclude .svn -exclude .git -exclude .hg -resolve-src-symlinks -rename /Users/lucapagano/Library/Developer/Xcode/DerivedData/WWFChallenge7-cfydqwbbzpiusnddzyowdqjkiwqg/Build/Intermediates.noindex/WWFChallenge7.build/Debug-iphonesimulator/WWFChallenge7.build/Objects-normal/x86_64/WWFChallenge7.swiftmodule /Users/lucapagano/Library/Developer/Xcode/DerivedData/WWFChallenge7-cfydqwbbzpiusnddzyowdqjkiwqg/Build/Products/Debug-iphonesimulator/WWFChallenge7.swiftmodule/x86_64-apple-ios-simulator.swiftmodule

Copy /Users/lucapagano/Library/Developer/Xcode/DerivedData/WWFChallenge7-cfydqwbbzpiusnddzyowdqjkiwqg/Build/Products/Debug-iphonesimulator/WWFChallenge7.swiftmodule/x86_64-apple-ios-simulator.abi.json /Users/lucapagano/Library/Developer/Xcode/DerivedData/WWFChallenge7-cfydqwbbzpiusnddzyowdqjkiwqg/Build/Intermediates.noindex/WWFChallenge7.build/Debug-iphonesimulator/WWFChallenge7.build/Objects-normal/x86_64/WWFChallenge7.abi.json (in target 'WWFChallenge7' from project 'WWFChallenge7')
    cd /Users/lucapagano/Desktop/WWFUserAndManaging/AppUserWWF
    builtin-copy -exclude .DS_Store -exclude CVS -exclude .svn -exclude .git -exclude .hg -resolve-src-symlinks -rename /Users/lucapagano/Library/Developer/Xcode/DerivedData/WWFChallenge7-cfydqwbbzpiusnddzyowdqjkiwqg/Build/Intermediates.noindex/WWFChallenge7.build/Debug-iphonesimulator/WWFChallenge7.build/Objects-normal/x86_64/WWFChallenge7.abi.json /Users/lucapagano/Library/Developer/Xcode/DerivedData/WWFChallenge7-cfydqwbbzpiusnddzyowdqjkiwqg/Build/Products/Debug-iphonesimulator/WWFChallenge7.swiftmodule/x86_64-apple-ios-simulator.abi.json

Copy /Users/lucapagano/Library/Developer/Xcode/DerivedData/WWFChallenge7-cfydqwbbzpiusnddzyowdqjkiwqg/Build/Products/Debug-iphonesimulator/WWFChallenge7.swiftmodule/arm64-apple-ios-simulator.swiftmodule /Users/lucapagano/Library/Developer/Xcode/DerivedData/WWFChallenge7-cfydqwbbzpiusnddzyowdqjkiwqg/Build/Intermediates.noindex/WWFChallenge7.build/Debug-iphonesimulator/WWFChallenge7.build/Objects-normal/arm64/WWFChallenge7.swiftmodule (in target 'WWFChallenge7' from project 'WWFChallenge7')
    cd /Users/lucapagano/Desktop/WWFUserAndManaging/AppUserWWF
    builtin-copy -exclude .DS_Store -exclude CVS -exclude .svn -exclude .git -exclude .hg -resolve-src-symlinks -rename /Users/lucapagano/Library/Developer/Xcode/DerivedData/WWFChallenge7-cfydqwbbzpiusnddzyowdqjkiwqg/Build/Intermediates.noindex/WWFChallenge7.build/Debug-iphonesimulator/WWFChallenge7.build/Objects-normal/arm64/WWFChallenge7.swiftmodule /Users/lucapagano/Library/Developer/Xcode/DerivedData/WWFChallenge7-cfydqwbbzpiusnddzyowdqjkiwqg/Build/Products/Debug-iphonesimulator/WWFChallenge7.swiftmodule/arm64-apple-ios-simulator.swiftmodule

Copy /Users/lucapagano/Library/Developer/Xcode/DerivedData/WWFChallenge7-cfydqwbbzpiusnddzyowdqjkiwqg/Build/Products/Debug-iphonesimulator/WWFChallenge7.swiftmodule/arm64-apple-ios-simulator.abi.json /Users/lucapagano/Library/Developer/Xcode/DerivedData/WWFChallenge7-cfydqwbbzpiusnddzyowdqjkiwqg/Build/Intermediates.noindex/WWFChallenge7.build/Debug-iphonesimulator/WWFChallenge7.build/Objects-normal/arm64/WWFChallenge7.abi.json (in target 'WWFChallenge7' from project 'WWFChallenge7')
    cd /Users/lucapagano/Desktop/WWFUserAndManaging/AppUserWWF
    builtin-copy -exclude .DS_Store -exclude CVS -exclude .svn -exclude .git -exclude .hg -resolve-src-symlinks -rename /Users/lucapagano/Library/Developer/Xcode/DerivedData/WWFChallenge7-cfydqwbbzpiusnddzyowdqjkiwqg/Build/Intermediates.noindex/WWFChallenge7.build/Debug-iphonesimulator/WWFChallenge7.build/Objects-normal/arm64/WWFChallenge7.abi.json /Users/lucapagano/Library/Developer/Xcode/DerivedData/WWFChallenge7-cfydqwbbzpiusnddzyowdqjkiwqg/Build/Products/Debug-iphonesimulator/WWFChallenge7.swiftmodule/arm64-apple-ios-simulator.abi.json

Copy /Users/lucapagano/Library/Developer/Xcode/DerivedData/WWFChallenge7-cfydqwbbzpiusnddzyowdqjkiwqg/Build/Products/Debug-iphonesimulator/WWFChallenge7.swiftmodule/Project/x86_64-apple-ios-simulator.swiftsourceinfo /Users/lucapagano/Library/Developer/Xcode/DerivedData/WWFChallenge7-cfydqwbbzpiusnddzyowdqjkiwqg/Build/Intermediates.noindex/WWFChallenge7.build/Debug-iphonesimulator/WWFChallenge7.build/Objects-normal/x86_64/WWFChallenge7.swiftsourceinfo (in target 'WWFChallenge7' from project 'WWFChallenge7')
    cd /Users/lucapagano/Desktop/WWFUserAndManaging/AppUserWWF
    builtin-copy -exclude .DS_Store -exclude CVS -exclude .svn -exclude .git -exclude .hg -resolve-src-symlinks -rename /Users/lucapagano/Library/Developer/Xcode/DerivedData/WWFChallenge7-cfydqwbbzpiusnddzyowdqjkiwqg/Build/Intermediates.noindex/WWFChallenge7.build/Debug-iphonesimulator/WWFChallenge7.build/Objects-normal/x86_64/WWFChallenge7.swiftsourceinfo /Users/lucapagano/Library/Developer/Xcode/DerivedData/WWFChallenge7-cfydqwbbzpiusnddzyowdqjkiwqg/Build/Products/Debug-iphonesimulator/WWFChallenge7.swiftmodule/Project/x86_64-apple-ios-simulator.swiftsourceinfo

Copy /Users/lucapagano/Library/Developer/Xcode/DerivedData/WWFChallenge7-cfydqwbbzpiusnddzyowdqjkiwqg/Build/Products/Debug-iphonesimulator/WWFChallenge7.swiftmodule/Project/arm64-apple-ios-simulator.swiftsourceinfo /Users/lucapagano/Library/Developer/Xcode/DerivedData/WWFChallenge7-cfydqwbbzpiusnddzyowdqjkiwqg/Build/Intermediates.noindex/WWFChallenge7.build/Debug-iphonesimulator/WWFChallenge7.build/Objects-normal/arm64/WWFChallenge7.swiftsourceinfo (in target 'WWFChallenge7' from project 'WWFChallenge7')
    cd /Users/lucapagano/Desktop/WWFUserAndManaging/AppUserWWF
    builtin-copy -exclude .DS_Store -exclude CVS -exclude .svn -exclude .git -exclude .hg -resolve-src-symlinks -rename /Users/lucapagano/Library/Developer/Xcode/DerivedData/WWFChallenge7-cfydqwbbzpiusnddzyowdqjkiwqg/Build/Intermediates.noindex/WWFChallenge7.build/Debug-iphonesimulator/WWFChallenge7.build/Objects-normal/arm64/WWFChallenge7.swiftsourceinfo /Users/lucapagano/Library/Developer/Xcode/DerivedData/WWFChallenge7-cfydqwbbzpiusnddzyowdqjkiwqg/Build/Products/Debug-iphonesimulator/WWFChallenge7.swiftmodule/Project/arm64-apple-ios-simulator.swiftsourceinfo

SwiftDriverJobDiscovery normal x86_64 Compiling WWFChallenge7App.swift (in target 'WWFChallenge7' from project 'WWFChallenge7')

SwiftDriverJobDiscovery normal x86_64 Compiling Trail.swift, TrailStep.swift (in target 'WWFChallenge7' from project 'WWFChallenge7')

SwiftDriverJobDiscovery normal arm64 Compiling LocalizationManager.swift (in target 'WWFChallenge7' from project 'WWFChallenge7')

SwiftCompile normal arm64 Compiling\ Event.swift,\ POI.swift /Users/lucapagano/Desktop/WWFUserAndManaging/AppUserWWF/WWFChallenge7/Domain/Entities/Event.swift /Users/lucapagano/Desktop/WWFUserAndManaging/AppUserWWF/WWFChallenge7/Domain/Entities/POI.swift (in target 'WWFChallenge7' from project 'WWFChallenge7')

SwiftCompile normal arm64 /Users/lucapagano/Desktop/WWFUserAndManaging/AppUserWWF/WWFChallenge7/Domain/Entities/Event.swift (in target 'WWFChallenge7' from project 'WWFChallenge7')
    cd /Users/lucapagano/Desktop/WWFUserAndManaging/AppUserWWF
    
@__swiftmacro_13WWFChallenge75Event5ModelfMe_.swift:9:18: warning: redundant conformance of 'Event' to protocol 'Sendable'
extension Event: Sendable {
                 ^
/Users/lucapagano/Desktop/WWFUserAndManaging/AppUserWWF/WWFChallenge7/Domain/Entities/Event.swift:13:1: note: in expansion of macro 'Model' on class 'Event' here
@Model
^~~~~~
/Users/lucapagano/Desktop/WWFUserAndManaging/AppUserWWF/WWFChallenge7/Domain/Entities/Event.swift:13:1: note: in expansion of macro 'Model' on class 'Event' here
@Model
^~~~~~
/Users/lucapagano/Desktop/WWFUserAndManaging/AppUserWWF/WWFChallenge7/Domain/Entities/Event.swift:14:13: note: 'Event' declares conformance to protocol 'Sendable' here
final class Event: @unchecked Sendable {
            ^
@__swiftmacro_13WWFChallenge73POI5ModelfMe_.swift:9:16: warning: redundant conformance of 'POI' to protocol 'Sendable'
extension POI: Sendable {
               ^
/Users/lucapagano/Desktop/WWFUserAndManaging/AppUserWWF/WWFChallenge7/Domain/Entities/POI.swift:13:1: note: in expansion of macro 'Model' on class 'POI' here
@Model
^~~~~~
/Users/lucapagano/Desktop/WWFUserAndManaging/AppUserWWF/WWFChallenge7/Domain/Entities/POI.swift:13:1: note: in expansion of macro 'Model' on class 'POI' here
@Model
^~~~~~
/Users/lucapagano/Desktop/WWFUserAndManaging/AppUserWWF/WWFChallenge7/Domain/Entities/POI.swift:14:13: note: 'POI' declares conformance to protocol 'Sendable' here
final class POI: @unchecked Sendable {
            ^

SwiftCompile normal arm64 /Users/lucapagano/Desktop/WWFUserAndManaging/AppUserWWF/WWFChallenge7/Domain/Entities/POI.swift (in target 'WWFChallenge7' from project 'WWFChallenge7')
    cd /Users/lucapagano/Desktop/WWFUserAndManaging/AppUserWWF
    
@__swiftmacro_13WWFChallenge75Event5ModelfMe_.swift:9:18: warning: redundant conformance of 'Event' to protocol 'Sendable'
extension Event: Sendable {
                 ^
/Users/lucapagano/Desktop/WWFUserAndManaging/AppUserWWF/WWFChallenge7/Domain/Entities/Event.swift:13:1: note: in expansion of macro 'Model' on class 'Event' here
@Model
^~~~~~
/Users/lucapagano/Desktop/WWFUserAndManaging/AppUserWWF/WWFChallenge7/Domain/Entities/Event.swift:13:1: note: in expansion of macro 'Model' on class 'Event' here
@Model
^~~~~~
/Users/lucapagano/Desktop/WWFUserAndManaging/AppUserWWF/WWFChallenge7/Domain/Entities/Event.swift:14:13: note: 'Event' declares conformance to protocol 'Sendable' here
final class Event: @unchecked Sendable {
            ^
@__swiftmacro_13WWFChallenge73POI5ModelfMe_.swift:9:16: warning: redundant conformance of 'POI' to protocol 'Sendable'
extension POI: Sendable {
               ^
/Users/lucapagano/Desktop/WWFUserAndManaging/AppUserWWF/WWFChallenge7/Domain/Entities/POI.swift:13:1: note: in expansion of macro 'Model' on class 'POI' here
@Model
^~~~~~
/Users/lucapagano/Desktop/WWFUserAndManaging/AppUserWWF/WWFChallenge7/Domain/Entities/POI.swift:13:1: note: in expansion of macro 'Model' on class 'POI' here
@Model
^~~~~~
/Users/lucapagano/Desktop/WWFUserAndManaging/AppUserWWF/WWFChallenge7/Domain/Entities/POI.swift:14:13: note: 'POI' declares conformance to protocol 'Sendable' here
final class POI: @unchecked Sendable {
            ^

SwiftCompile normal arm64 Compiling\ EventListView.swift,\ POIModalView.swift /Users/lucapagano/Desktop/WWFUserAndManaging/AppUserWWF/WWFChallenge7/Views/Visitor/EventListView.swift /Users/lucapagano/Desktop/WWFUserAndManaging/AppUserWWF/WWFChallenge7/Views/Visitor/POIModalView.swift (in target 'WWFChallenge7' from project 'WWFChallenge7')
SwiftCompile normal arm64 /Users/lucapagano/Desktop/WWFUserAndManaging/AppUserWWF/WWFChallenge7/Views/Visitor/EventListView.swift (in target 'WWFChallenge7' from project 'WWFChallenge7')
    cd /Users/lucapagano/Desktop/WWFUserAndManaging/AppUserWWF
    

SwiftCompile normal arm64 /Users/lucapagano/Desktop/WWFUserAndManaging/AppUserWWF/WWFChallenge7/Views/Visitor/POIModalView.swift (in target 'WWFChallenge7' from project 'WWFChallenge7')
    cd /Users/lucapagano/Desktop/WWFUserAndManaging/AppUserWWF
    

SwiftCompile normal arm64 Compiling\ TrailMapComponents.swift /Users/lucapagano/Desktop/WWFUserAndManaging/AppUserWWF/WWFChallenge7/Views/Visitor/TrailMapComponents.swift (in target 'WWFChallenge7' from project 'WWFChallenge7')

SwiftCompile normal arm64 /Users/lucapagano/Desktop/WWFUserAndManaging/AppUserWWF/WWFChallenge7/Views/Visitor/TrailMapComponents.swift (in target 'WWFChallenge7' from project 'WWFChallenge7')
    cd /Users/lucapagano/Desktop/WWFUserAndManaging/AppUserWWF
    

SwiftCompile normal arm64 Compiling\ ActiveTrailView.swift,\ DashboardView.swift /Users/lucapagano/Desktop/WWFUserAndManaging/AppUserWWF/WWFChallenge7/Views/Visitor/ActiveTrailView.swift /Users/lucapagano/Desktop/WWFUserAndManaging/AppUserWWF/WWFChallenge7/Views/Visitor/DashboardView.swift (in target 'WWFChallenge7' from project 'WWFChallenge7')

SwiftCompile normal arm64 /Users/lucapagano/Desktop/WWFUserAndManaging/AppUserWWF/WWFChallenge7/Views/Visitor/ActiveTrailView.swift (in target 'WWFChallenge7' from project 'WWFChallenge7')
    cd /Users/lucapagano/Desktop/WWFUserAndManaging/AppUserWWF
    

SwiftCompile normal arm64 /Users/lucapagano/Desktop/WWFUserAndManaging/AppUserWWF/WWFChallenge7/Views/Visitor/DashboardView.swift (in target 'WWFChallenge7' from project 'WWFChallenge7')
    cd /Users/lucapagano/Desktop/WWFUserAndManaging/AppUserWWF
    

SwiftCompile normal arm64 Compiling\ Trail.swift,\ TrailStep.swift /Users/lucapagano/Desktop/WWFUserAndManaging/AppUserWWF/WWFChallenge7/Domain/Entities/Trail.swift /Users/lucapagano/Desktop/WWFUserAndManaging/AppUserWWF/WWFChallenge7/Domain/Entities/TrailStep.swift (in target 'WWFChallenge7' from project 'WWFChallenge7')

SwiftCompile normal arm64 /Users/lucapagano/Desktop/WWFUserAndManaging/AppUserWWF/WWFChallenge7/Domain/Entities/Trail.swift (in target 'WWFChallenge7' from project 'WWFChallenge7')
    cd /Users/lucapagano/Desktop/WWFUserAndManaging/AppUserWWF
    
@__swiftmacro_13WWFChallenge75Trail5ModelfMe_.swift:9:18: warning: redundant conformance of 'Trail' to protocol 'Sendable'
extension Trail: Sendable {
                 ^
/Users/lucapagano/Desktop/WWFUserAndManaging/AppUserWWF/WWFChallenge7/Domain/Entities/Trail.swift:13:1: note: in expansion of macro 'Model' on class 'Trail' here
@Model
^~~~~~
/Users/lucapagano/Desktop/WWFUserAndManaging/AppUserWWF/WWFChallenge7/Domain/Entities/Trail.swift:13:1: note: in expansion of macro 'Model' on class 'Trail' here
@Model
^~~~~~
/Users/lucapagano/Desktop/WWFUserAndManaging/AppUserWWF/WWFChallenge7/Domain/Entities/Trail.swift:14:13: note: 'Trail' declares conformance to protocol 'Sendable' here
final class Trail: @unchecked Sendable {
            ^
@__swiftmacro_13WWFChallenge79TrailStep5ModelfMe_.swift:9:22: warning: redundant conformance of 'TrailStep' to protocol 'Sendable'
extension TrailStep: Sendable {
                     ^
/Users/lucapagano/Desktop/WWFUserAndManaging/AppUserWWF/WWFChallenge7/Domain/Entities/TrailStep.swift:17:1: note: in expansion of macro 'Model' on class 'TrailStep' here
@Model
^~~~~~
/Users/lucapagano/Desktop/WWFUserAndManaging/AppUserWWF/WWFChallenge7/Domain/Entities/TrailStep.swift:17:1: note: in expansion of macro 'Model' on class 'TrailStep' here
@Model
^~~~~~
/Users/lucapagano/Desktop/WWFUserAndManaging/AppUserWWF/WWFChallenge7/Domain/Entities/TrailStep.swift:18:13: note: 'TrailStep' declares conformance to protocol 'Sendable' here
final class TrailStep: @unchecked Sendable {
            ^

SwiftCompile normal arm64 /Users/lucapagano/Desktop/WWFUserAndManaging/AppUserWWF/WWFChallenge7/Domain/Entities/TrailStep.swift (in target 'WWFChallenge7' from project 'WWFChallenge7')
    cd /Users/lucapagano/Desktop/WWFUserAndManaging/AppUserWWF
    
@__swiftmacro_13WWFChallenge75Trail5ModelfMe_.swift:9:18: warning: redundant conformance of 'Trail' to protocol 'Sendable'
extension Trail: Sendable {
                 ^
/Users/lucapagano/Desktop/WWFUserAndManaging/AppUserWWF/WWFChallenge7/Domain/Entities/Trail.swift:13:1: note: in expansion of macro 'Model' on class 'Trail' here
@Model
^~~~~~
/Users/lucapagano/Desktop/WWFUserAndManaging/AppUserWWF/WWFChallenge7/Domain/Entities/Trail.swift:13:1: note: in expansion of macro 'Model' on class 'Trail' here
@Model
^~~~~~
/Users/lucapagano/Desktop/WWFUserAndManaging/AppUserWWF/WWFChallenge7/Domain/Entities/Trail.swift:14:13: note: 'Trail' declares conformance to protocol 'Sendable' here
final class Trail: @unchecked Sendable {
            ^
@__swiftmacro_13WWFChallenge79TrailStep5ModelfMe_.swift:9:22: warning: redundant conformance of 'TrailStep' to protocol 'Sendable'
extension TrailStep: Sendable {
                     ^
/Users/lucapagano/Desktop/WWFUserAndManaging/AppUserWWF/WWFChallenge7/Domain/Entities/TrailStep.swift:17:1: note: in expansion of macro 'Model' on class 'TrailStep' here
@Model
^~~~~~
/Users/lucapagano/Desktop/WWFUserAndManaging/AppUserWWF/WWFChallenge7/Domain/Entities/TrailStep.swift:17:1: note: in expansion of macro 'Model' on class 'TrailStep' here
@Model
^~~~~~
/Users/lucapagano/Desktop/WWFUserAndManaging/AppUserWWF/WWFChallenge7/Domain/Entities/TrailStep.swift:18:13: note: 'TrailStep' declares conformance to protocol 'Sendable' here
final class TrailStep: @unchecked Sendable {
            ^

SwiftDriverJobDiscovery normal x86_64 Compiling TrailMapComponents.swift (in target 'WWFChallenge7' from project 'WWFChallenge7')

SwiftCompile normal arm64 Compiling\ ProfileView.swift,\ QRScannerView.swift /Users/lucapagano/Desktop/WWFUserAndManaging/AppUserWWF/WWFChallenge7/Views/Visitor/ProfileView.swift /Users/lucapagano/Desktop/WWFUserAndManaging/AppUserWWF/WWFChallenge7/Views/Visitor/QRScannerView.swift (in target 'WWFChallenge7' from project 'WWFChallenge7')

SwiftCompile normal arm64 /Users/lucapagano/Desktop/WWFUserAndManaging/AppUserWWF/WWFChallenge7/Views/Visitor/ProfileView.swift (in target 'WWFChallenge7' from project 'WWFChallenge7')
    cd /Users/lucapagano/Desktop/WWFUserAndManaging/AppUserWWF
    

SwiftCompile normal arm64 /Users/lucapagano/Desktop/WWFUserAndManaging/AppUserWWF/WWFChallenge7/Views/Visitor/QRScannerView.swift (in target 'WWFChallenge7' from project 'WWFChallenge7')
    cd /Users/lucapagano/Desktop/WWFUserAndManaging/AppUserWWF
    

SwiftDriverJobDiscovery normal x86_64 Compiling TrailDetailView.swift (in target 'WWFChallenge7' from project 'WWFChallenge7')

SwiftCompile normal arm64 Compiling\ DownloadSelectionView.swift,\ EventDetailView.swift /Users/lucapagano/Desktop/WWFUserAndManaging/AppUserWWF/WWFChallenge7/Views/Visitor/DownloadSelectionView.swift /Users/lucapagano/Desktop/WWFUserAndManaging/AppUserWWF/WWFChallenge7/Views/Visitor/EventDetailView.swift (in target 'WWFChallenge7' from project 'WWFChallenge7')
SwiftCompile normal arm64 /Users/lucapagano/Desktop/WWFUserAndManaging/AppUserWWF/WWFChallenge7/Views/Visitor/DownloadSelectionView.swift (in target 'WWFChallenge7' from project 'WWFChallenge7')
    cd /Users/lucapagano/Desktop/WWFUserAndManaging/AppUserWWF
    

SwiftCompile normal arm64 /Users/lucapagano/Desktop/WWFUserAndManaging/AppUserWWF/WWFChallenge7/Views/Visitor/EventDetailView.swift (in target 'WWFChallenge7' from project 'WWFChallenge7')
    cd /Users/lucapagano/Desktop/WWFUserAndManaging/AppUserWWF
    

SwiftDriverJobDiscovery normal arm64 Compiling TrailMapComponents.swift (in target 'WWFChallenge7' from project 'WWFChallenge7')

SwiftCompile normal arm64 Compiling\ TrailDetailView.swift /Users/lucapagano/Desktop/WWFUserAndManaging/AppUserWWF/WWFChallenge7/Views/Visitor/TrailDetailView.swift (in target 'WWFChallenge7' from project 'WWFChallenge7')

SwiftCompile normal arm64 /Users/lucapagano/Desktop/WWFUserAndManaging/AppUserWWF/WWFChallenge7/Views/Visitor/TrailDetailView.swift (in target 'WWFChallenge7' from project 'WWFChallenge7')
    cd /Users/lucapagano/Desktop/WWFUserAndManaging/AppUserWWF
    

SwiftDriverJobDiscovery normal x86_64 Compiling ActiveTrailView.swift, DashboardView.swift (in target 'WWFChallenge7' from project 'WWFChallenge7')

SwiftCompile normal arm64 Compiling\ WWFChallenge7App.swift /Users/lucapagano/Desktop/WWFUserAndManaging/AppUserWWF/WWFChallenge7/WWFChallenge7App.swift (in target 'WWFChallenge7' from project 'WWFChallenge7')

SwiftCompile normal arm64 /Users/lucapagano/Desktop/WWFUserAndManaging/AppUserWWF/WWFChallenge7/WWFChallenge7App.swift (in target 'WWFChallenge7' from project 'WWFChallenge7')
    cd /Users/lucapagano/Desktop/WWFUserAndManaging/AppUserWWF
    

SwiftDriverJobDiscovery normal x86_64 Compiling Event.swift, POI.swift (in target 'WWFChallenge7' from project 'WWFChallenge7')

SwiftCompile normal arm64 Compiling\ VisitorRootView.swift /Users/lucapagano/Desktop/WWFUserAndManaging/AppUserWWF/WWFChallenge7/Views/Visitor/VisitorRootView.swift (in target 'WWFChallenge7' from project 'WWFChallenge7')

SwiftCompile normal arm64 /Users/lucapagano/Desktop/WWFUserAndManaging/AppUserWWF/WWFChallenge7/Views/Visitor/VisitorRootView.swift (in target 'WWFChallenge7' from project 'WWFChallenge7')
    cd /Users/lucapagano/Desktop/WWFUserAndManaging/AppUserWWF
    

SwiftDriverJobDiscovery normal arm64 Compiling Trail.swift, TrailStep.swift (in target 'WWFChallenge7' from project 'WWFChallenge7')

SwiftDriverJobDiscovery normal arm64 Compiling Event.swift, POI.swift (in target 'WWFChallenge7' from project 'WWFChallenge7')

SwiftDriverJobDiscovery normal arm64 Compiling ProfileView.swift, QRScannerView.swift (in target 'WWFChallenge7' from project 'WWFChallenge7')

SwiftDriverJobDiscovery normal arm64 Compiling VisitorRootView.swift (in target 'WWFChallenge7' from project 'WWFChallenge7')

SwiftDriverJobDiscovery normal arm64 Compiling WWFChallenge7App.swift (in target 'WWFChallenge7' from project 'WWFChallenge7')

SwiftDriverJobDiscovery normal arm64 Compiling ActiveTrailView.swift, DashboardView.swift (in target 'WWFChallenge7' from project 'WWFChallenge7')

SwiftDriverJobDiscovery normal arm64 Compiling TrailDetailView.swift (in target 'WWFChallenge7' from project 'WWFChallenge7')

SwiftDriverJobDiscovery normal x86_64 Compiling EventListView.swift, POIModalView.swift (in target 'WWFChallenge7' from project 'WWFChallenge7')

SwiftDriverJobDiscovery normal x86_64 Compiling DownloadSelectionView.swift, EventDetailView.swift (in target 'WWFChallenge7' from project 'WWFChallenge7')

SwiftDriver\ Compilation WWFChallenge7 normal x86_64 com.apple.xcode.tools.swift.compiler (in target 'WWFChallenge7' from project 'WWFChallenge7')
    cd /Users/lucapagano/Desktop/WWFUserAndManaging/AppUserWWF
    builtin-Swift-Compilation -- /Applications/Xcode.app/Contents/Developer/Toolchains/XcodeDefault.xctoolchain/usr/bin/swiftc -module-name WWFChallenge7 -Onone -enforce-exclusivity\=checked @/Users/lucapagano/Library/Developer/Xcode/DerivedData/WWFChallenge7-cfydqwbbzpiusnddzyowdqjkiwqg/Build/Intermediates.noindex/WWFChallenge7.build/Debug-iphonesimulator/WWFChallenge7.build/Objects-normal/x86_64/WWFChallenge7.SwiftFileList -DDEBUG -default-isolation\=MainActor -enable-bare-slash-regex -enable-upcoming-feature DisableOutwardActorInference -enable-upcoming-feature InferSendableFromCaptures -enable-upcoming-feature GlobalActorIsolatedTypesUsability -enable-upcoming-feature MemberImportVisibility -enable-upcoming-feature InferIsolatedConformances -enable-upcoming-feature NonisolatedNonsendingByDefault -enable-experimental-feature DebugDescriptionMacro -sdk /Applications/Xcode.app/Contents/Developer/Platforms/iPhoneSimulator.platform/Developer/SDKs/iPhoneSimulator26.0.sdk -target x86_64-apple-ios26.0-simulator -g -module-cache-path /Users/lucapagano/Library/Developer/Xcode/DerivedData/ModuleCache.noindex -Xfrontend -serialize-debugging-options -enable-testing -index-store-path /Users/lucapagano/Library/Developer/Xcode/DerivedData/WWFChallenge7-cfydqwbbzpiusnddzyowdqjkiwqg/Index.noindex/DataStore -Xcc -D_LIBCPP_HARDENING_MODE\=_LIBCPP_HARDENING_MODE_DEBUG -swift-version 5 -I /Users/lucapagano/Library/Developer/Xcode/DerivedData/WWFChallenge7-cfydqwbbzpiusnddzyowdqjkiwqg/Build/Products/Debug-iphonesimulator -F /Users/lucapagano/Library/Developer/Xcode/DerivedData/WWFChallenge7-cfydqwbbzpiusnddzyowdqjkiwqg/Build/Products/Debug-iphonesimulator -emit-localized-strings -emit-localized-strings-path /Users/lucapagano/Library/Developer/Xcode/DerivedData/WWFChallenge7-cfydqwbbzpiusnddzyowdqjkiwqg/Build/Intermediates.noindex/WWFChallenge7.build/Debug-iphonesimulator/WWFChallenge7.build/Objects-normal/x86_64 -c -j10 -enable-batch-mode -incremental -Xcc -ivfsstatcache -Xcc /Users/lucapagano/Library/Developer/Xcode/DerivedData/SDKStatCaches.noindex/iphonesimulator26.0-23A339-26257891a6c027eb51374368541b8346.sdkstatcache -output-file-map /Users/lucapagano/Library/Developer/Xcode/DerivedData/WWFChallenge7-cfydqwbbzpiusnddzyowdqjkiwqg/Build/Intermediates.noindex/WWFChallenge7.build/Debug-iphonesimulator/WWFChallenge7.build/Objects-normal/x86_64/WWFChallenge7-OutputFileMap.json -use-frontend-parseable-output -save-temps -no-color-diagnostics -explicit-module-build -module-cache-path /Users/lucapagano/Library/Developer/Xcode/DerivedData/WWFChallenge7-cfydqwbbzpiusnddzyowdqjkiwqg/Build/Intermediates.noindex/SwiftExplicitPrecompiledModules -clang-scanner-module-cache-path /Users/lucapagano/Library/Developer/Xcode/DerivedData/ModuleCache.noindex -sdk-module-cache-path /Users/lucapagano/Library/Developer/Xcode/DerivedData/ModuleCache.noindex -serialize-diagnostics -emit-dependencies -emit-module -emit-module-path /Users/lucapagano/Library/Developer/Xcode/DerivedData/WWFChallenge7-cfydqwbbzpiusnddzyowdqjkiwqg/Build/Intermediates.noindex/WWFChallenge7.build/Debug-iphonesimulator/WWFChallenge7.build/Objects-normal/x86_64/WWFChallenge7.swiftmodule -validate-clang-modules-once -clang-build-session-file /Users/lucapagano/Library/Developer/Xcode/DerivedData/ModuleCache.noindex/Session.modulevalidation -Xcc -I/Users/lucapagano/Library/Developer/Xcode/DerivedData/WWFChallenge7-cfydqwbbzpiusnddzyowdqjkiwqg/Build/Intermediates.noindex/WWFChallenge7.build/Debug-iphonesimulator/WWFChallenge7.build/swift-overrides.hmap -emit-const-values -Xfrontend -const-gather-protocols-file -Xfrontend /Users/lucapagano/Library/Developer/Xcode/DerivedData/WWFChallenge7-cfydqwbbzpiusnddzyowdqjkiwqg/Build/Intermediates.noindex/WWFChallenge7.build/Debug-iphonesimulator/WWFChallenge7.build/Objects-normal/x86_64/WWFChallenge7_const_extract_protocols.json -Xcc -iquote -Xcc /Users/lucapagano/Library/Developer/Xcode/DerivedData/WWFChallenge7-cfydqwbbzpiusnddzyowdqjkiwqg/Build/Intermediates.noindex/WWFChallenge7.build/Debug-iphonesimulator/WWFChallenge7.build/WWFChallenge7-generated-files.hmap -Xcc -I/Users/lucapagano/Library/Developer/Xcode/DerivedData/WWFChallenge7-cfydqwbbzpiusnddzyowdqjkiwqg/Build/Intermediates.noindex/WWFChallenge7.build/Debug-iphonesimulator/WWFChallenge7.build/WWFChallenge7-own-target-headers.hmap -Xcc -I/Users/lucapagano/Library/Developer/Xcode/DerivedData/WWFChallenge7-cfydqwbbzpiusnddzyowdqjkiwqg/Build/Intermediates.noindex/WWFChallenge7.build/Debug-iphonesimulator/WWFChallenge7.build/WWFChallenge7-all-target-headers.hmap -Xcc -iquote -Xcc /Users/lucapagano/Library/Developer/Xcode/DerivedData/WWFChallenge7-cfydqwbbzpiusnddzyowdqjkiwqg/Build/Intermediates.noindex/WWFChallenge7.build/Debug-iphonesimulator/WWFChallenge7.build/WWFChallenge7-project-headers.hmap -Xcc -I/Users/lucapagano/Library/Developer/Xcode/DerivedData/WWFChallenge7-cfydqwbbzpiusnddzyowdqjkiwqg/Build/Products/Debug-iphonesimulator/include -Xcc -I/Users/lucapagano/Library/Developer/Xcode/DerivedData/WWFChallenge7-cfydqwbbzpiusnddzyowdqjkiwqg/Build/Intermediates.noindex/WWFChallenge7.build/Debug-iphonesimulator/WWFChallenge7.build/DerivedSources-normal/x86_64 -Xcc -I/Users/lucapagano/Library/Developer/Xcode/DerivedData/WWFChallenge7-cfydqwbbzpiusnddzyowdqjkiwqg/Build/Intermediates.noindex/WWFChallenge7.build/Debug-iphonesimulator/WWFChallenge7.build/DerivedSources/x86_64 -Xcc -I/Users/lucapagano/Library/Developer/Xcode/DerivedData/WWFChallenge7-cfydqwbbzpiusnddzyowdqjkiwqg/Build/Intermediates.noindex/WWFChallenge7.build/Debug-iphonesimulator/WWFChallenge7.build/DerivedSources -Xcc -DDEBUG\=1 -emit-objc-header -emit-objc-header-path /Users/lucapagano/Library/Developer/Xcode/DerivedData/WWFChallenge7-cfydqwbbzpiusnddzyowdqjkiwqg/Build/Intermediates.noindex/WWFChallenge7.build/Debug-iphonesimulator/WWFChallenge7.build/Objects-normal/x86_64/WWFChallenge7-Swift.h -working-directory /Users/lucapagano/Desktop/WWFUserAndManaging/AppUserWWF -experimental-emit-module-separately -disable-cmo

Ld /Users/lucapagano/Library/Developer/Xcode/DerivedData/WWFChallenge7-cfydqwbbzpiusnddzyowdqjkiwqg/Build/Intermediates.noindex/WWFChallenge7.build/Debug-iphonesimulator/WWFChallenge7.build/Objects-normal/x86_64/Binary/WWFChallenge7.debug.dylib normal x86_64 (in target 'WWFChallenge7' from project 'WWFChallenge7')
    cd /Users/lucapagano/Desktop/WWFUserAndManaging/AppUserWWF
    /Applications/Xcode.app/Contents/Developer/Toolchains/XcodeDefault.xctoolchain/usr/bin/clang -Xlinker -reproducible -target x86_64-apple-ios26.0-simulator -dynamiclib -isysroot /Applications/Xcode.app/Contents/Developer/Platforms/iPhoneSimulator.platform/Developer/SDKs/iPhoneSimulator26.0.sdk -O0 -L/Users/lucapagano/Library/Developer/Xcode/DerivedData/WWFChallenge7-cfydqwbbzpiusnddzyowdqjkiwqg/Build/Intermediates.noindex/EagerLinkingTBDs/Debug-iphonesimulator -L/Users/lucapagano/Library/Developer/Xcode/DerivedData/WWFChallenge7-cfydqwbbzpiusnddzyowdqjkiwqg/Build/Products/Debug-iphonesimulator -F/Users/lucapagano/Library/Developer/Xcode/DerivedData/WWFChallenge7-cfydqwbbzpiusnddzyowdqjkiwqg/Build/Intermediates.noindex/EagerLinkingTBDs/Debug-iphonesimulator -F/Users/lucapagano/Library/Developer/Xcode/DerivedData/WWFChallenge7-cfydqwbbzpiusnddzyowdqjkiwqg/Build/Products/Debug-iphonesimulator -filelist /Users/lucapagano/Library/Developer/Xcode/DerivedData/WWFChallenge7-cfydqwbbzpiusnddzyowdqjkiwqg/Build/Intermediates.noindex/WWFChallenge7.build/Debug-iphonesimulator/WWFChallenge7.build/Objects-normal/x86_64/WWFChallenge7.LinkFileList -install_name @rpath/WWFChallenge7.debug.dylib -Xlinker -rpath -Xlinker @executable_path/Frameworks -dead_strip -Xlinker -object_path_lto -Xlinker /Users/lucapagano/Library/Developer/Xcode/DerivedData/WWFChallenge7-cfydqwbbzpiusnddzyowdqjkiwqg/Build/Intermediates.noindex/WWFChallenge7.build/Debug-iphonesimulator/WWFChallenge7.build/Objects-normal/x86_64/WWFChallenge7_lto.o -rdynamic -Xlinker -no_deduplicate -Xlinker -objc_abi_version -Xlinker 2 -Xlinker -dependency_info -Xlinker /Users/lucapagano/Library/Developer/Xcode/DerivedData/WWFChallenge7-cfydqwbbzpiusnddzyowdqjkiwqg/Build/Intermediates.noindex/WWFChallenge7.build/Debug-iphonesimulator/WWFChallenge7.build/Objects-normal/x86_64/WWFChallenge7_dependency_info.dat -fobjc-link-runtime -L/Applications/Xcode.app/Contents/Developer/Toolchains/XcodeDefault.xctoolchain/usr/lib/swift/iphonesimulator -L/usr/lib/swift -Xlinker -add_ast_path -Xlinker /Users/lucapagano/Library/Developer/Xcode/DerivedData/WWFChallenge7-cfydqwbbzpiusnddzyowdqjkiwqg/Build/Intermediates.noindex/WWFChallenge7.build/Debug-iphonesimulator/WWFChallenge7.build/Objects-normal/x86_64/WWFChallenge7.swiftmodule @/Users/lucapagano/Library/Developer/Xcode/DerivedData/WWFChallenge7-cfydqwbbzpiusnddzyowdqjkiwqg/Build/Intermediates.noindex/WWFChallenge7.build/Debug-iphonesimulator/WWFChallenge7.build/Objects-normal/x86_64/WWFChallenge7-linker-args.resp -Xlinker -alias -Xlinker _main -Xlinker ___debug_main_executable_dylib_entry_point -Xlinker -no_adhoc_codesign -o /Users/lucapagano/Library/Developer/Xcode/DerivedData/WWFChallenge7-cfydqwbbzpiusnddzyowdqjkiwqg/Build/Intermediates.noindex/WWFChallenge7.build/Debug-iphonesimulator/WWFChallenge7.build/Objects-normal/x86_64/Binary/WWFChallenge7.debug.dylib

ConstructStubExecutorLinkFileList /Users/lucapagano/Library/Developer/Xcode/DerivedData/WWFChallenge7-cfydqwbbzpiusnddzyowdqjkiwqg/Build/Intermediates.noindex/WWFChallenge7.build/Debug-iphonesimulator/WWFChallenge7.build/WWFChallenge7-ExecutorLinkFileList-normal-x86_64.txt (in target 'WWFChallenge7' from project 'WWFChallenge7')
    cd /Users/lucapagano/Desktop/WWFUserAndManaging/AppUserWWF
    construct-stub-executor-link-file-list /Users/lucapagano/Library/Developer/Xcode/DerivedData/WWFChallenge7-cfydqwbbzpiusnddzyowdqjkiwqg/Build/Intermediates.noindex/WWFChallenge7.build/Debug-iphonesimulator/WWFChallenge7.build/Objects-normal/x86_64/Binary/WWFChallenge7.debug.dylib /Applications/Xcode.app/Contents/Developer/Platforms/iPhoneSimulator.platform/Developer/usr/lib/libPreviewsJITStubExecutor_no_swift_entry_point.a /Applications/Xcode.app/Contents/Developer/Platforms/iPhoneSimulator.platform/Developer/usr/lib/libPreviewsJITStubExecutor.a --output /Users/lucapagano/Library/Developer/Xcode/DerivedData/WWFChallenge7-cfydqwbbzpiusnddzyowdqjkiwqg/Build/Intermediates.noindex/WWFChallenge7.build/Debug-iphonesimulator/WWFChallenge7.build/WWFChallenge7-ExecutorLinkFileList-normal-x86_64.txt
note: Using stub executor library with Swift entry point. (in target 'WWFChallenge7' from project 'WWFChallenge7')

Ld /Users/lucapagano/Library/Developer/Xcode/DerivedData/WWFChallenge7-cfydqwbbzpiusnddzyowdqjkiwqg/Build/Intermediates.noindex/WWFChallenge7.build/Debug-iphonesimulator/WWFChallenge7.build/Objects-normal/x86_64/Binary/WWFChallenge7 normal x86_64 (in target 'WWFChallenge7' from project 'WWFChallenge7')
    cd /Users/lucapagano/Desktop/WWFUserAndManaging/AppUserWWF
    /Applications/Xcode.app/Contents/Developer/Toolchains/XcodeDefault.xctoolchain/usr/bin/clang -Xlinker -reproducible -target x86_64-apple-ios26.0-simulator -isysroot /Applications/Xcode.app/Contents/Developer/Platforms/iPhoneSimulator.platform/Developer/SDKs/iPhoneSimulator26.0.sdk -O0 -L/Users/lucapagano/Library/Developer/Xcode/DerivedData/WWFChallenge7-cfydqwbbzpiusnddzyowdqjkiwqg/Build/Products/Debug-iphonesimulator -F/Users/lucapagano/Library/Developer/Xcode/DerivedData/WWFChallenge7-cfydqwbbzpiusnddzyowdqjkiwqg/Build/Products/Debug-iphonesimulator -Xlinker -rpath -Xlinker @executable_path -Xlinker -rpath -Xlinker @executable_path/Frameworks -rdynamic -Xlinker -no_deduplicate -Xlinker -objc_abi_version -Xlinker 2 -e ___debug_blank_executor_main -Xlinker -sectcreate -Xlinker __TEXT -Xlinker __debug_dylib -Xlinker /Users/lucapagano/Library/Developer/Xcode/DerivedData/WWFChallenge7-cfydqwbbzpiusnddzyowdqjkiwqg/Build/Intermediates.noindex/WWFChallenge7.build/Debug-iphonesimulator/WWFChallenge7.build/WWFChallenge7-DebugDylibPath-normal-x86_64.txt -Xlinker -sectcreate -Xlinker __TEXT -Xlinker __debug_instlnm -Xlinker /Users/lucapagano/Library/Developer/Xcode/DerivedData/WWFChallenge7-cfydqwbbzpiusnddzyowdqjkiwqg/Build/Intermediates.noindex/WWFChallenge7.build/Debug-iphonesimulator/WWFChallenge7.build/WWFChallenge7-DebugDylibInstallName-normal-x86_64.txt -Xlinker -filelist -Xlinker /Users/lucapagano/Library/Developer/Xcode/DerivedData/WWFChallenge7-cfydqwbbzpiusnddzyowdqjkiwqg/Build/Intermediates.noindex/WWFChallenge7.build/Debug-iphonesimulator/WWFChallenge7.build/WWFChallenge7-ExecutorLinkFileList-normal-x86_64.txt -Xlinker -sectcreate -Xlinker __TEXT -Xlinker __entitlements -Xlinker /Users/lucapagano/Library/Developer/Xcode/DerivedData/WWFChallenge7-cfydqwbbzpiusnddzyowdqjkiwqg/Build/Intermediates.noindex/WWFChallenge7.build/Debug-iphonesimulator/WWFChallenge7.build/WWFChallenge7.app-Simulated.xcent -Xlinker -sectcreate -Xlinker __TEXT -Xlinker __ents_der -Xlinker /Users/lucapagano/Library/Developer/Xcode/DerivedData/WWFChallenge7-cfydqwbbzpiusnddzyowdqjkiwqg/Build/Intermediates.noindex/WWFChallenge7.build/Debug-iphonesimulator/WWFChallenge7.build/WWFChallenge7.app-Simulated.xcent.der /Users/lucapagano/Library/Developer/Xcode/DerivedData/WWFChallenge7-cfydqwbbzpiusnddzyowdqjkiwqg/Build/Intermediates.noindex/WWFChallenge7.build/Debug-iphonesimulator/WWFChallenge7.build/Objects-normal/x86_64/Binary/WWFChallenge7.debug.dylib -Xlinker -no_adhoc_codesign -o /Users/lucapagano/Library/Developer/Xcode/DerivedData/WWFChallenge7-cfydqwbbzpiusnddzyowdqjkiwqg/Build/Intermediates.noindex/WWFChallenge7.build/Debug-iphonesimulator/WWFChallenge7.build/Objects-normal/x86_64/Binary/WWFChallenge7

SwiftDriverJobDiscovery normal arm64 Compiling EventListView.swift, POIModalView.swift (in target 'WWFChallenge7' from project 'WWFChallenge7')

SwiftDriverJobDiscovery normal arm64 Compiling DownloadSelectionView.swift, EventDetailView.swift (in target 'WWFChallenge7' from project 'WWFChallenge7')

SwiftDriver\ Compilation WWFChallenge7 normal arm64 com.apple.xcode.tools.swift.compiler (in target 'WWFChallenge7' from project 'WWFChallenge7')
    cd /Users/lucapagano/Desktop/WWFUserAndManaging/AppUserWWF
    builtin-Swift-Compilation -- /Applications/Xcode.app/Contents/Developer/Toolchains/XcodeDefault.xctoolchain/usr/bin/swiftc -module-name WWFChallenge7 -Onone -enforce-exclusivity\=checked @/Users/lucapagano/Library/Developer/Xcode/DerivedData/WWFChallenge7-cfydqwbbzpiusnddzyowdqjkiwqg/Build/Intermediates.noindex/WWFChallenge7.build/Debug-iphonesimulator/WWFChallenge7.build/Objects-normal/arm64/WWFChallenge7.SwiftFileList -DDEBUG -default-isolation\=MainActor -enable-bare-slash-regex -enable-upcoming-feature DisableOutwardActorInference -enable-upcoming-feature InferSendableFromCaptures -enable-upcoming-feature GlobalActorIsolatedTypesUsability -enable-upcoming-feature MemberImportVisibility -enable-upcoming-feature InferIsolatedConformances -enable-upcoming-feature NonisolatedNonsendingByDefault -enable-experimental-feature DebugDescriptionMacro -sdk /Applications/Xcode.app/Contents/Developer/Platforms/iPhoneSimulator.platform/Developer/SDKs/iPhoneSimulator26.0.sdk -target arm64-apple-ios26.0-simulator -g -module-cache-path /Users/lucapagano/Library/Developer/Xcode/DerivedData/ModuleCache.noindex -Xfrontend -serialize-debugging-options -enable-testing -index-store-path /Users/lucapagano/Library/Developer/Xcode/DerivedData/WWFChallenge7-cfydqwbbzpiusnddzyowdqjkiwqg/Index.noindex/DataStore -Xcc -D_LIBCPP_HARDENING_MODE\=_LIBCPP_HARDENING_MODE_DEBUG -swift-version 5 -I /Users/lucapagano/Library/Developer/Xcode/DerivedData/WWFChallenge7-cfydqwbbzpiusnddzyowdqjkiwqg/Build/Products/Debug-iphonesimulator -F /Users/lucapagano/Library/Developer/Xcode/DerivedData/WWFChallenge7-cfydqwbbzpiusnddzyowdqjkiwqg/Build/Products/Debug-iphonesimulator -emit-localized-strings -emit-localized-strings-path /Users/lucapagano/Library/Developer/Xcode/DerivedData/WWFChallenge7-cfydqwbbzpiusnddzyowdqjkiwqg/Build/Intermediates.noindex/WWFChallenge7.build/Debug-iphonesimulator/WWFChallenge7.build/Objects-normal/arm64 -c -j10 -enable-batch-mode -incremental -Xcc -ivfsstatcache -Xcc /Users/lucapagano/Library/Developer/Xcode/DerivedData/SDKStatCaches.noindex/iphonesimulator26.0-23A339-26257891a6c027eb51374368541b8346.sdkstatcache -output-file-map /Users/lucapagano/Library/Developer/Xcode/DerivedData/WWFChallenge7-cfydqwbbzpiusnddzyowdqjkiwqg/Build/Intermediates.noindex/WWFChallenge7.build/Debug-iphonesimulator/WWFChallenge7.build/Objects-normal/arm64/WWFChallenge7-OutputFileMap.json -use-frontend-parseable-output -save-temps -no-color-diagnostics -explicit-module-build -module-cache-path /Users/lucapagano/Library/Developer/Xcode/DerivedData/WWFChallenge7-cfydqwbbzpiusnddzyowdqjkiwqg/Build/Intermediates.noindex/SwiftExplicitPrecompiledModules -clang-scanner-module-cache-path /Users/lucapagano/Library/Developer/Xcode/DerivedData/ModuleCache.noindex -sdk-module-cache-path /Users/lucapagano/Library/Developer/Xcode/DerivedData/ModuleCache.noindex -serialize-diagnostics -emit-dependencies -emit-module -emit-module-path /Users/lucapagano/Library/Developer/Xcode/DerivedData/WWFChallenge7-cfydqwbbzpiusnddzyowdqjkiwqg/Build/Intermediates.noindex/WWFChallenge7.build/Debug-iphonesimulator/WWFChallenge7.build/Objects-normal/arm64/WWFChallenge7.swiftmodule -validate-clang-modules-once -clang-build-session-file /Users/lucapagano/Library/Developer/Xcode/DerivedData/ModuleCache.noindex/Session.modulevalidation -Xcc -I/Users/lucapagano/Library/Developer/Xcode/DerivedData/WWFChallenge7-cfydqwbbzpiusnddzyowdqjkiwqg/Build/Intermediates.noindex/WWFChallenge7.build/Debug-iphonesimulator/WWFChallenge7.build/swift-overrides.hmap -emit-const-values -Xfrontend -const-gather-protocols-file -Xfrontend /Users/lucapagano/Library/Developer/Xcode/DerivedData/WWFChallenge7-cfydqwbbzpiusnddzyowdqjkiwqg/Build/Intermediates.noindex/WWFChallenge7.build/Debug-iphonesimulator/WWFChallenge7.build/Objects-normal/arm64/WWFChallenge7_const_extract_protocols.json -Xcc -iquote -Xcc /Users/lucapagano/Library/Developer/Xcode/DerivedData/WWFChallenge7-cfydqwbbzpiusnddzyowdqjkiwqg/Build/Intermediates.noindex/WWFChallenge7.build/Debug-iphonesimulator/WWFChallenge7.build/WWFChallenge7-generated-files.hmap -Xcc -I/Users/lucapagano/Library/Developer/Xcode/DerivedData/WWFChallenge7-cfydqwbbzpiusnddzyowdqjkiwqg/Build/Intermediates.noindex/WWFChallenge7.build/Debug-iphonesimulator/WWFChallenge7.build/WWFChallenge7-own-target-headers.hmap -Xcc -I/Users/lucapagano/Library/Developer/Xcode/DerivedData/WWFChallenge7-cfydqwbbzpiusnddzyowdqjkiwqg/Build/Intermediates.noindex/WWFChallenge7.build/Debug-iphonesimulator/WWFChallenge7.build/WWFChallenge7-all-target-headers.hmap -Xcc -iquote -Xcc /Users/lucapagano/Library/Developer/Xcode/DerivedData/WWFChallenge7-cfydqwbbzpiusnddzyowdqjkiwqg/Build/Intermediates.noindex/WWFChallenge7.build/Debug-iphonesimulator/WWFChallenge7.build/WWFChallenge7-project-headers.hmap -Xcc -I/Users/lucapagano/Library/Developer/Xcode/DerivedData/WWFChallenge7-cfydqwbbzpiusnddzyowdqjkiwqg/Build/Products/Debug-iphonesimulator/include -Xcc -I/Users/lucapagano/Library/Developer/Xcode/DerivedData/WWFChallenge7-cfydqwbbzpiusnddzyowdqjkiwqg/Build/Intermediates.noindex/WWFChallenge7.build/Debug-iphonesimulator/WWFChallenge7.build/DerivedSources-normal/arm64 -Xcc -I/Users/lucapagano/Library/Developer/Xcode/DerivedData/WWFChallenge7-cfydqwbbzpiusnddzyowdqjkiwqg/Build/Intermediates.noindex/WWFChallenge7.build/Debug-iphonesimulator/WWFChallenge7.build/DerivedSources/arm64 -Xcc -I/Users/lucapagano/Library/Developer/Xcode/DerivedData/WWFChallenge7-cfydqwbbzpiusnddzyowdqjkiwqg/Build/Intermediates.noindex/WWFChallenge7.build/Debug-iphonesimulator/WWFChallenge7.build/DerivedSources -Xcc -DDEBUG\=1 -emit-objc-header -emit-objc-header-path /Users/lucapagano/Library/Developer/Xcode/DerivedData/WWFChallenge7-cfydqwbbzpiusnddzyowdqjkiwqg/Build/Intermediates.noindex/WWFChallenge7.build/Debug-iphonesimulator/WWFChallenge7.build/Objects-normal/arm64/WWFChallenge7-Swift.h -working-directory /Users/lucapagano/Desktop/WWFUserAndManaging/AppUserWWF -experimental-emit-module-separately -disable-cmo

Ld /Users/lucapagano/Library/Developer/Xcode/DerivedData/WWFChallenge7-cfydqwbbzpiusnddzyowdqjkiwqg/Build/Intermediates.noindex/WWFChallenge7.build/Debug-iphonesimulator/WWFChallenge7.build/Objects-normal/arm64/Binary/WWFChallenge7.debug.dylib normal arm64 (in target 'WWFChallenge7' from project 'WWFChallenge7')
    cd /Users/lucapagano/Desktop/WWFUserAndManaging/AppUserWWF
    /Applications/Xcode.app/Contents/Developer/Toolchains/XcodeDefault.xctoolchain/usr/bin/clang -Xlinker -reproducible -target arm64-apple-ios26.0-simulator -dynamiclib -isysroot /Applications/Xcode.app/Contents/Developer/Platforms/iPhoneSimulator.platform/Developer/SDKs/iPhoneSimulator26.0.sdk -O0 -L/Users/lucapagano/Library/Developer/Xcode/DerivedData/WWFChallenge7-cfydqwbbzpiusnddzyowdqjkiwqg/Build/Intermediates.noindex/EagerLinkingTBDs/Debug-iphonesimulator -L/Users/lucapagano/Library/Developer/Xcode/DerivedData/WWFChallenge7-cfydqwbbzpiusnddzyowdqjkiwqg/Build/Products/Debug-iphonesimulator -F/Users/lucapagano/Library/Developer/Xcode/DerivedData/WWFChallenge7-cfydqwbbzpiusnddzyowdqjkiwqg/Build/Intermediates.noindex/EagerLinkingTBDs/Debug-iphonesimulator -F/Users/lucapagano/Library/Developer/Xcode/DerivedData/WWFChallenge7-cfydqwbbzpiusnddzyowdqjkiwqg/Build/Products/Debug-iphonesimulator -filelist /Users/lucapagano/Library/Developer/Xcode/DerivedData/WWFChallenge7-cfydqwbbzpiusnddzyowdqjkiwqg/Build/Intermediates.noindex/WWFChallenge7.build/Debug-iphonesimulator/WWFChallenge7.build/Objects-normal/arm64/WWFChallenge7.LinkFileList -install_name @rpath/WWFChallenge7.debug.dylib -Xlinker -rpath -Xlinker @executable_path/Frameworks -dead_strip -Xlinker -object_path_lto -Xlinker /Users/lucapagano/Library/Developer/Xcode/DerivedData/WWFChallenge7-cfydqwbbzpiusnddzyowdqjkiwqg/Build/Intermediates.noindex/WWFChallenge7.build/Debug-iphonesimulator/WWFChallenge7.build/Objects-normal/arm64/WWFChallenge7_lto.o -rdynamic -Xlinker -no_deduplicate -Xlinker -objc_abi_version -Xlinker 2 -Xlinker -dependency_info -Xlinker /Users/lucapagano/Library/Developer/Xcode/DerivedData/WWFChallenge7-cfydqwbbzpiusnddzyowdqjkiwqg/Build/Intermediates.noindex/WWFChallenge7.build/Debug-iphonesimulator/WWFChallenge7.build/Objects-normal/arm64/WWFChallenge7_dependency_info.dat -fobjc-link-runtime -L/Applications/Xcode.app/Contents/Developer/Toolchains/XcodeDefault.xctoolchain/usr/lib/swift/iphonesimulator -L/usr/lib/swift -Xlinker -add_ast_path -Xlinker /Users/lucapagano/Library/Developer/Xcode/DerivedData/WWFChallenge7-cfydqwbbzpiusnddzyowdqjkiwqg/Build/Intermediates.noindex/WWFChallenge7.build/Debug-iphonesimulator/WWFChallenge7.build/Objects-normal/arm64/WWFChallenge7.swiftmodule @/Users/lucapagano/Library/Developer/Xcode/DerivedData/WWFChallenge7-cfydqwbbzpiusnddzyowdqjkiwqg/Build/Intermediates.noindex/WWFChallenge7.build/Debug-iphonesimulator/WWFChallenge7.build/Objects-normal/arm64/WWFChallenge7-linker-args.resp -Xlinker -alias -Xlinker _main -Xlinker ___debug_main_executable_dylib_entry_point -Xlinker -no_adhoc_codesign -o /Users/lucapagano/Library/Developer/Xcode/DerivedData/WWFChallenge7-cfydqwbbzpiusnddzyowdqjkiwqg/Build/Intermediates.noindex/WWFChallenge7.build/Debug-iphonesimulator/WWFChallenge7.build/Objects-normal/arm64/Binary/WWFChallenge7.debug.dylib

CreateUniversalBinary /Users/lucapagano/Library/Developer/Xcode/DerivedData/WWFChallenge7-cfydqwbbzpiusnddzyowdqjkiwqg/Build/Products/Debug-iphonesimulator/WWFChallenge7.app/WWFChallenge7.debug.dylib normal arm64\ x86_64 (in target 'WWFChallenge7' from project 'WWFChallenge7')
    cd /Users/lucapagano/Desktop/WWFUserAndManaging/AppUserWWF
    /Applications/Xcode.app/Contents/Developer/Toolchains/XcodeDefault.xctoolchain/usr/bin/lipo -create /Users/lucapagano/Library/Developer/Xcode/DerivedData/WWFChallenge7-cfydqwbbzpiusnddzyowdqjkiwqg/Build/Intermediates.noindex/WWFChallenge7.build/Debug-iphonesimulator/WWFChallenge7.build/Objects-normal/arm64/Binary/WWFChallenge7.debug.dylib /Users/lucapagano/Library/Developer/Xcode/DerivedData/WWFChallenge7-cfydqwbbzpiusnddzyowdqjkiwqg/Build/Intermediates.noindex/WWFChallenge7.build/Debug-iphonesimulator/WWFChallenge7.build/Objects-normal/x86_64/Binary/WWFChallenge7.debug.dylib -output /Users/lucapagano/Library/Developer/Xcode/DerivedData/WWFChallenge7-cfydqwbbzpiusnddzyowdqjkiwqg/Build/Products/Debug-iphonesimulator/WWFChallenge7.app/WWFChallenge7.debug.dylib

ConstructStubExecutorLinkFileList /Users/lucapagano/Library/Developer/Xcode/DerivedData/WWFChallenge7-cfydqwbbzpiusnddzyowdqjkiwqg/Build/Intermediates.noindex/WWFChallenge7.build/Debug-iphonesimulator/WWFChallenge7.build/WWFChallenge7-ExecutorLinkFileList-normal-arm64.txt (in target 'WWFChallenge7' from project 'WWFChallenge7')
    cd /Users/lucapagano/Desktop/WWFUserAndManaging/AppUserWWF
    construct-stub-executor-link-file-list /Users/lucapagano/Library/Developer/Xcode/DerivedData/WWFChallenge7-cfydqwbbzpiusnddzyowdqjkiwqg/Build/Intermediates.noindex/WWFChallenge7.build/Debug-iphonesimulator/WWFChallenge7.build/Objects-normal/arm64/Binary/WWFChallenge7.debug.dylib /Applications/Xcode.app/Contents/Developer/Platforms/iPhoneSimulator.platform/Developer/usr/lib/libPreviewsJITStubExecutor_no_swift_entry_point.a /Applications/Xcode.app/Contents/Developer/Platforms/iPhoneSimulator.platform/Developer/usr/lib/libPreviewsJITStubExecutor.a --output /Users/lucapagano/Library/Developer/Xcode/DerivedData/WWFChallenge7-cfydqwbbzpiusnddzyowdqjkiwqg/Build/Intermediates.noindex/WWFChallenge7.build/Debug-iphonesimulator/WWFChallenge7.build/WWFChallenge7-ExecutorLinkFileList-normal-arm64.txt
note: Using stub executor library with Swift entry point. (in target 'WWFChallenge7' from project 'WWFChallenge7')

Ld /Users/lucapagano/Library/Developer/Xcode/DerivedData/WWFChallenge7-cfydqwbbzpiusnddzyowdqjkiwqg/Build/Intermediates.noindex/WWFChallenge7.build/Debug-iphonesimulator/WWFChallenge7.build/Objects-normal/arm64/Binary/WWFChallenge7 normal arm64 (in target 'WWFChallenge7' from project 'WWFChallenge7')
    cd /Users/lucapagano/Desktop/WWFUserAndManaging/AppUserWWF
    /Applications/Xcode.app/Contents/Developer/Toolchains/XcodeDefault.xctoolchain/usr/bin/clang -Xlinker -reproducible -target arm64-apple-ios26.0-simulator -isysroot /Applications/Xcode.app/Contents/Developer/Platforms/iPhoneSimulator.platform/Developer/SDKs/iPhoneSimulator26.0.sdk -O0 -L/Users/lucapagano/Library/Developer/Xcode/DerivedData/WWFChallenge7-cfydqwbbzpiusnddzyowdqjkiwqg/Build/Products/Debug-iphonesimulator -F/Users/lucapagano/Library/Developer/Xcode/DerivedData/WWFChallenge7-cfydqwbbzpiusnddzyowdqjkiwqg/Build/Products/Debug-iphonesimulator -Xlinker -rpath -Xlinker @executable_path -Xlinker -rpath -Xlinker @executable_path/Frameworks -rdynamic -Xlinker -no_deduplicate -Xlinker -objc_abi_version -Xlinker 2 -e ___debug_blank_executor_main -Xlinker -sectcreate -Xlinker __TEXT -Xlinker __debug_dylib -Xlinker /Users/lucapagano/Library/Developer/Xcode/DerivedData/WWFChallenge7-cfydqwbbzpiusnddzyowdqjkiwqg/Build/Intermediates.noindex/WWFChallenge7.build/Debug-iphonesimulator/WWFChallenge7.build/WWFChallenge7-DebugDylibPath-normal-arm64.txt -Xlinker -sectcreate -Xlinker __TEXT -Xlinker __debug_instlnm -Xlinker /Users/lucapagano/Library/Developer/Xcode/DerivedData/WWFChallenge7-cfydqwbbzpiusnddzyowdqjkiwqg/Build/Intermediates.noindex/WWFChallenge7.build/Debug-iphonesimulator/WWFChallenge7.build/WWFChallenge7-DebugDylibInstallName-normal-arm64.txt -Xlinker -filelist -Xlinker /Users/lucapagano/Library/Developer/Xcode/DerivedData/WWFChallenge7-cfydqwbbzpiusnddzyowdqjkiwqg/Build/Intermediates.noindex/WWFChallenge7.build/Debug-iphonesimulator/WWFChallenge7.build/WWFChallenge7-ExecutorLinkFileList-normal-arm64.txt -Xlinker -sectcreate -Xlinker __TEXT -Xlinker __entitlements -Xlinker /Users/lucapagano/Library/Developer/Xcode/DerivedData/WWFChallenge7-cfydqwbbzpiusnddzyowdqjkiwqg/Build/Intermediates.noindex/WWFChallenge7.build/Debug-iphonesimulator/WWFChallenge7.build/WWFChallenge7.app-Simulated.xcent -Xlinker -sectcreate -Xlinker __TEXT -Xlinker __ents_der -Xlinker /Users/lucapagano/Library/Developer/Xcode/DerivedData/WWFChallenge7-cfydqwbbzpiusnddzyowdqjkiwqg/Build/Intermediates.noindex/WWFChallenge7.build/Debug-iphonesimulator/WWFChallenge7.build/WWFChallenge7.app-Simulated.xcent.der /Users/lucapagano/Library/Developer/Xcode/DerivedData/WWFChallenge7-cfydqwbbzpiusnddzyowdqjkiwqg/Build/Intermediates.noindex/WWFChallenge7.build/Debug-iphonesimulator/WWFChallenge7.build/Objects-normal/arm64/Binary/WWFChallenge7.debug.dylib -Xlinker -no_adhoc_codesign -o /Users/lucapagano/Library/Developer/Xcode/DerivedData/WWFChallenge7-cfydqwbbzpiusnddzyowdqjkiwqg/Build/Intermediates.noindex/WWFChallenge7.build/Debug-iphonesimulator/WWFChallenge7.build/Objects-normal/arm64/Binary/WWFChallenge7

CreateUniversalBinary /Users/lucapagano/Library/Developer/Xcode/DerivedData/WWFChallenge7-cfydqwbbzpiusnddzyowdqjkiwqg/Build/Products/Debug-iphonesimulator/WWFChallenge7.app/WWFChallenge7 normal arm64\ x86_64 (in target 'WWFChallenge7' from project 'WWFChallenge7')
    cd /Users/lucapagano/Desktop/WWFUserAndManaging/AppUserWWF
    /Applications/Xcode.app/Contents/Developer/Toolchains/XcodeDefault.xctoolchain/usr/bin/lipo -create /Users/lucapagano/Library/Developer/Xcode/DerivedData/WWFChallenge7-cfydqwbbzpiusnddzyowdqjkiwqg/Build/Intermediates.noindex/WWFChallenge7.build/Debug-iphonesimulator/WWFChallenge7.build/Objects-normal/arm64/Binary/WWFChallenge7 /Users/lucapagano/Library/Developer/Xcode/DerivedData/WWFChallenge7-cfydqwbbzpiusnddzyowdqjkiwqg/Build/Intermediates.noindex/WWFChallenge7.build/Debug-iphonesimulator/WWFChallenge7.build/Objects-normal/x86_64/Binary/WWFChallenge7 -output /Users/lucapagano/Library/Developer/Xcode/DerivedData/WWFChallenge7-cfydqwbbzpiusnddzyowdqjkiwqg/Build/Products/Debug-iphonesimulator/WWFChallenge7.app/WWFChallenge7

CopySwiftLibs /Users/lucapagano/Library/Developer/Xcode/DerivedData/WWFChallenge7-cfydqwbbzpiusnddzyowdqjkiwqg/Build/Products/Debug-iphonesimulator/WWFChallenge7.app (in target 'WWFChallenge7' from project 'WWFChallenge7')
    cd /Users/lucapagano/Desktop/WWFUserAndManaging/AppUserWWF
    builtin-swiftStdLibTool --copy --verbose --sign - --scan-executable /Users/lucapagano/Library/Developer/Xcode/DerivedData/WWFChallenge7-cfydqwbbzpiusnddzyowdqjkiwqg/Build/Products/Debug-iphonesimulator/WWFChallenge7.app/WWFChallenge7.debug.dylib --scan-folder /Users/lucapagano/Library/Developer/Xcode/DerivedData/WWFChallenge7-cfydqwbbzpiusnddzyowdqjkiwqg/Build/Products/Debug-iphonesimulator/WWFChallenge7.app/Frameworks --scan-folder /Users/lucapagano/Library/Developer/Xcode/DerivedData/WWFChallenge7-cfydqwbbzpiusnddzyowdqjkiwqg/Build/Products/Debug-iphonesimulator/WWFChallenge7.app/PlugIns --scan-folder /Users/lucapagano/Library/Developer/Xcode/DerivedData/WWFChallenge7-cfydqwbbzpiusnddzyowdqjkiwqg/Build/Products/Debug-iphonesimulator/WWFChallenge7.app/SystemExtensions --scan-folder /Users/lucapagano/Library/Developer/Xcode/DerivedData/WWFChallenge7-cfydqwbbzpiusnddzyowdqjkiwqg/Build/Products/Debug-iphonesimulator/WWFChallenge7.app/Extensions --platform iphonesimulator --toolchain /Applications/Xcode.app/Contents/Developer/Toolchains/XcodeDefault.xctoolchain --destination /Users/lucapagano/Library/Developer/Xcode/DerivedData/WWFChallenge7-cfydqwbbzpiusnddzyowdqjkiwqg/Build/Products/Debug-iphonesimulator/WWFChallenge7.app/Frameworks --strip-bitcode --strip-bitcode-tool /Applications/Xcode.app/Contents/Developer/Toolchains/XcodeDefault.xctoolchain/usr/bin/bitcode_strip --emit-dependency-info /Users/lucapagano/Library/Developer/Xcode/DerivedData/WWFChallenge7-cfydqwbbzpiusnddzyowdqjkiwqg/Build/Intermediates.noindex/WWFChallenge7.build/Debug-iphonesimulator/WWFChallenge7.build/SwiftStdLibToolInputDependencies.dep --filter-for-swift-os

ExtractAppIntentsMetadata (in target 'WWFChallenge7' from project 'WWFChallenge7')
    cd /Users/lucapagano/Desktop/WWFUserAndManaging/AppUserWWF
    /Applications/Xcode.app/Contents/Developer/Toolchains/XcodeDefault.xctoolchain/usr/bin/appintentsmetadataprocessor --toolchain-dir /Applications/Xcode.app/Contents/Developer/Toolchains/XcodeDefault.xctoolchain --module-name WWFChallenge7 --sdk-root /Applications/Xcode.app/Contents/Developer/Platforms/iPhoneSimulator.platform/Developer/SDKs/iPhoneSimulator26.0.sdk --xcode-version 17A400 --platform-family iOS --deployment-target 26.0 --bundle-identifier com.lucapagano.WWFChallenge7 --output /Users/lucapagano/Library/Developer/Xcode/DerivedData/WWFChallenge7-cfydqwbbzpiusnddzyowdqjkiwqg/Build/Products/Debug-iphonesimulator/WWFChallenge7.app --target-triple arm64-apple-ios26.0-simulator --target-triple x86_64-apple-ios26.0-simulator --binary-file /Users/lucapagano/Library/Developer/Xcode/DerivedData/WWFChallenge7-cfydqwbbzpiusnddzyowdqjkiwqg/Build/Products/Debug-iphonesimulator/WWFChallenge7.app/WWFChallenge7 --dependency-file /Users/lucapagano/Library/Developer/Xcode/DerivedData/WWFChallenge7-cfydqwbbzpiusnddzyowdqjkiwqg/Build/Intermediates.noindex/WWFChallenge7.build/Debug-iphonesimulator/WWFChallenge7.build/Objects-normal/arm64/WWFChallenge7_dependency_info.dat --dependency-file /Users/lucapagano/Library/Developer/Xcode/DerivedData/WWFChallenge7-cfydqwbbzpiusnddzyowdqjkiwqg/Build/Intermediates.noindex/WWFChallenge7.build/Debug-iphonesimulator/WWFChallenge7.build/Objects-normal/x86_64/WWFChallenge7_dependency_info.dat --stringsdata-file /Users/lucapagano/Library/Developer/Xcode/DerivedData/WWFChallenge7-cfydqwbbzpiusnddzyowdqjkiwqg/Build/Intermediates.noindex/WWFChallenge7.build/Debug-iphonesimulator/WWFChallenge7.build/Objects-normal/arm64/ExtractedAppShortcutsMetadata.stringsdata --stringsdata-file /Users/lucapagano/Library/Developer/Xcode/DerivedData/WWFChallenge7-cfydqwbbzpiusnddzyowdqjkiwqg/Build/Intermediates.noindex/WWFChallenge7.build/Debug-iphonesimulator/WWFChallenge7.build/Objects-normal/x86_64/ExtractedAppShortcutsMetadata.stringsdata --source-file-list /Users/lucapagano/Library/Developer/Xcode/DerivedData/WWFChallenge7-cfydqwbbzpiusnddzyowdqjkiwqg/Build/Intermediates.noindex/WWFChallenge7.build/Debug-iphonesimulator/WWFChallenge7.build/Objects-normal/arm64/WWFChallenge7.SwiftFileList --source-file-list /Users/lucapagano/Library/Developer/Xcode/DerivedData/WWFChallenge7-cfydqwbbzpiusnddzyowdqjkiwqg/Build/Intermediates.noindex/WWFChallenge7.build/Debug-iphonesimulator/WWFChallenge7.build/Objects-normal/x86_64/WWFChallenge7.SwiftFileList --metadata-file-list /Users/lucapagano/Library/Developer/Xcode/DerivedData/WWFChallenge7-cfydqwbbzpiusnddzyowdqjkiwqg/Build/Intermediates.noindex/WWFChallenge7.build/Debug-iphonesimulator/WWFChallenge7.build/WWFChallenge7.DependencyMetadataFileList --static-metadata-file-list /Users/lucapagano/Library/Developer/Xcode/DerivedData/WWFChallenge7-cfydqwbbzpiusnddzyowdqjkiwqg/Build/Intermediates.noindex/WWFChallenge7.build/Debug-iphonesimulator/WWFChallenge7.build/WWFChallenge7.DependencyStaticMetadataFileList --swift-const-vals-list /Users/lucapagano/Library/Developer/Xcode/DerivedData/WWFChallenge7-cfydqwbbzpiusnddzyowdqjkiwqg/Build/Intermediates.noindex/WWFChallenge7.build/Debug-iphonesimulator/WWFChallenge7.build/Objects-normal/arm64/WWFChallenge7.SwiftConstValuesFileList --swift-const-vals-list /Users/lucapagano/Library/Developer/Xcode/DerivedData/WWFChallenge7-cfydqwbbzpiusnddzyowdqjkiwqg/Build/Intermediates.noindex/WWFChallenge7.build/Debug-iphonesimulator/WWFChallenge7.build/Objects-normal/x86_64/WWFChallenge7.SwiftConstValuesFileList --compile-time-extraction --deployment-aware-processing --validate-assistant-intents --no-app-shortcuts-localization
2026-05-17 17:48:58.092 appintentsmetadataprocessor[79138:2428575] Starting appintentsmetadataprocessor export
2026-05-17 17:48:58.094 appintentsmetadataprocessor[79138:2428575] warning: Metadata extraction skipped. No AppIntents.framework dependency found.

AppIntentsSSUTraining (in target 'WWFChallenge7' from project 'WWFChallenge7')
    cd /Users/lucapagano/Desktop/WWFUserAndManaging/AppUserWWF
    /Applications/Xcode.app/Contents/Developer/Toolchains/XcodeDefault.xctoolchain/usr/bin/appintentsnltrainingprocessor --infoplist-path /Users/lucapagano/Library/Developer/Xcode/DerivedData/WWFChallenge7-cfydqwbbzpiusnddzyowdqjkiwqg/Build/Products/Debug-iphonesimulator/WWFChallenge7.app/Info.plist --temp-dir-path /Users/lucapagano/Library/Developer/Xcode/DerivedData/WWFChallenge7-cfydqwbbzpiusnddzyowdqjkiwqg/Build/Intermediates.noindex/WWFChallenge7.build/Debug-iphonesimulator/WWFChallenge7.build/ssu --bundle-id com.lucapagano.WWFChallenge7 --product-path /Users/lucapagano/Library/Developer/Xcode/DerivedData/WWFChallenge7-cfydqwbbzpiusnddzyowdqjkiwqg/Build/Products/Debug-iphonesimulator/WWFChallenge7.app --extracted-metadata-path /Users/lucapagano/Library/Developer/Xcode/DerivedData/WWFChallenge7-cfydqwbbzpiusnddzyowdqjkiwqg/Build/Products/Debug-iphonesimulator/WWFChallenge7.app/Metadata.appintents --metadata-file-list /Users/lucapagano/Library/Developer/Xcode/DerivedData/WWFChallenge7-cfydqwbbzpiusnddzyowdqjkiwqg/Build/Intermediates.noindex/WWFChallenge7.build/Debug-iphonesimulator/WWFChallenge7.build/WWFChallenge7.DependencyMetadataFileList --archive-ssu-assets
2026-05-17 17:48:58.105 appintentsnltrainingprocessor[79139:2428576] Parsing options for appintentsnltrainingprocessor
2026-05-17 17:48:58.105 appintentsnltrainingprocessor[79139:2428576] No AppShortcuts found - Skipping.

CodeSign /Users/lucapagano/Library/Developer/Xcode/DerivedData/WWFChallenge7-cfydqwbbzpiusnddzyowdqjkiwqg/Build/Products/Debug-iphonesimulator/WWFChallenge7.app/WWFChallenge7.debug.dylib (in target 'WWFChallenge7' from project 'WWFChallenge7')
    cd /Users/lucapagano/Desktop/WWFUserAndManaging/AppUserWWF
    
    Signing Identity:     "Sign to Run Locally"
    
    /usr/bin/codesign --force --sign - --timestamp\=none --generate-entitlement-der /Users/lucapagano/Library/Developer/Xcode/DerivedData/WWFChallenge7-cfydqwbbzpiusnddzyowdqjkiwqg/Build/Products/Debug-iphonesimulator/WWFChallenge7.app/WWFChallenge7.debug.dylib

CodeSign /Users/lucapagano/Library/Developer/Xcode/DerivedData/WWFChallenge7-cfydqwbbzpiusnddzyowdqjkiwqg/Build/Products/Debug-iphonesimulator/WWFChallenge7.app/__preview.dylib (in target 'WWFChallenge7' from project 'WWFChallenge7')
    cd /Users/lucapagano/Desktop/WWFUserAndManaging/AppUserWWF
    
    Signing Identity:     "Sign to Run Locally"
    
    /usr/bin/codesign --force --sign - --timestamp\=none --generate-entitlement-der /Users/lucapagano/Library/Developer/Xcode/DerivedData/WWFChallenge7-cfydqwbbzpiusnddzyowdqjkiwqg/Build/Products/Debug-iphonesimulator/WWFChallenge7.app/__preview.dylib
/Users/lucapagano/Library/Developer/Xcode/DerivedData/WWFChallenge7-cfydqwbbzpiusnddzyowdqjkiwqg/Build/Products/Debug-iphonesimulator/WWFChallenge7.app/__preview.dylib: replacing existing signature

CodeSign /Users/lucapagano/Library/Developer/Xcode/DerivedData/WWFChallenge7-cfydqwbbzpiusnddzyowdqjkiwqg/Build/Products/Debug-iphonesimulator/WWFChallenge7.app (in target 'WWFChallenge7' from project 'WWFChallenge7')
    cd /Users/lucapagano/Desktop/WWFUserAndManaging/AppUserWWF
    
    Signing Identity:     "Sign to Run Locally"
    
    /usr/bin/codesign --force --sign - --timestamp\=none --generate-entitlement-der /Users/lucapagano/Library/Developer/Xcode/DerivedData/WWFChallenge7-cfydqwbbzpiusnddzyowdqjkiwqg/Build/Products/Debug-iphonesimulator/WWFChallenge7.app

Validate /Users/lucapagano/Library/Developer/Xcode/DerivedData/WWFChallenge7-cfydqwbbzpiusnddzyowdqjkiwqg/Build/Products/Debug-iphonesimulator/WWFChallenge7.app (in target 'WWFChallenge7' from project 'WWFChallenge7')
    cd /Users/lucapagano/Desktop/WWFUserAndManaging/AppUserWWF
    builtin-validationUtility /Users/lucapagano/Library/Developer/Xcode/DerivedData/WWFChallenge7-cfydqwbbzpiusnddzyowdqjkiwqg/Build/Products/Debug-iphonesimulator/WWFChallenge7.app -shallow-bundle -infoplist-subpath Info.plist

** BUILD SUCCEEDED **

